"Running Make libs in ps7_cortexa9_0/libsrc/emacps_v3_6/src"
make -C ps7_cortexa9_0/libsrc/emacps_v3_6/src -s libs  "SHELL=CMD" "COMPILER=arm-none-eabi-gcc" "ARCHIVER=arm-none-eabi-ar" "COMPILER_FLAGS=  -O2 -c" "EXTRA_COMPILER_FLAGS=-mcpu=cortex-a9 -mfpu=vfpv3 -mfloat-abi=hard -nostartfiles -Wall -Wextra"
"Compiling emacps"
"Running Make libs in ps7_cortexa9_0/libsrc/gpio_v4_3/src"
make -C ps7_cortexa9_0/libsrc/gpio_v4_3/src -s libs  "SHELL=CMD" "COMPILER=arm-none-eabi-gcc" "ARCHIVER=arm-none-eabi-ar" "COMPILER_FLAGS=  -O2 -c" "EXTRA_COMPILER_FLAGS=-mcpu=cortex-a9 -mfpu=vfpv3 -mfloat-abi=hard -nostartfiles -Wall -Wextra"
"Compiling gpio"
"Running Make libs in ps7_cortexa9_0/libsrc/gpiops_v3_3/src"
make -C ps7_cortexa9_0/libsrc/gpiops_v3_3/src -s libs  "SHELL=CMD" "COMPILER=arm-none-eabi-gcc" "ARCHIVER=arm-none-eabi-ar" "COMPILER_FLAGS=  -O2 -c" "EXTRA_COMPILER_FLAGS=-mcpu=cortex-a9 -mfpu=vfpv3 -mfloat-abi=hard -nostartfiles -Wall -Wextra"
"Compiling gpiops"
"Running Make libs in ps7_cortexa9_0/libsrc/qspips_v3_4/src"
make -C ps7_cortexa9_0/libsrc/qspips_v3_4/src -s libs  "SHELL=CMD" "COMPILER=arm-none-eabi-gcc" "ARCHIVER=arm-none-eabi-ar" "COMPILER_FLAGS=  -O2 -c" "EXTRA_COMPILER_FLAGS=-mcpu=cortex-a9 -mfpu=vfpv3 -mfloat-abi=hard -nostartfiles -Wall -Wextra"
"Compiling qspips"
"Running Make libs in ps7_cortexa9_0/libsrc/scugic_v3_8/src"
make -C ps7_cortexa9_0/libsrc/scugic_v3_8/src -s libs  "SHELL=CMD" "COMPILER=arm-none-eabi-gcc" "ARCHIVER=arm-none-eabi-ar" "COMPILER_FLAGS=  -O2 -c" "EXTRA_COMPILER_FLAGS=-mcpu=cortex-a9 -mfpu=vfpv3 -mfloat-abi=hard -nostartfiles -Wall -Wextra"
"Compiling scugic"
"Running Make libs in ps7_cortexa9_0/libsrc/scutimer_v2_1/src"
make -C ps7_cortexa9_0/libsrc/scutimer_v2_1/src -s libs  "SHELL=CMD" "COMPILER=arm-none-eabi-gcc" "ARCHIVER=arm-none-eabi-ar" "COMPILER_FLAGS=  -O2 -c" "EXTRA_COMPILER_FLAGS=-mcpu=cortex-a9 -mfpu=vfpv3 -mfloat-abi=hard -nostartfiles -Wall -Wextra"
"Compiling scutimer"
"Running Make libs in ps7_cortexa9_0/libsrc/scuwdt_v2_1/src"
make -C ps7_cortexa9_0/libsrc/scuwdt_v2_1/src -s libs  "SHELL=CMD" "COMPILER=arm-none-eabi-gcc" "ARCHIVER=arm-none-eabi-ar" "COMPILER_FLAGS=  -O2 -c" "EXTRA_COMPILER_FLAGS=-mcpu=cortex-a9 -mfpu=vfpv3 -mfloat-abi=hard -nostartfiles -Wall -Wextra"
"Compiling scuwdt"
"Running Make libs in ps7_cortexa9_0/libsrc/sdps_v3_3/src"
make -C ps7_cortexa9_0/libsrc/sdps_v3_3/src -s libs  "SHELL=CMD" "COMPILER=arm-none-eabi-gcc" "ARCHIVER=arm-none-eabi-ar" "COMPILER_FLAGS=  -O2 -c" "EXTRA_COMPILER_FLAGS=-mcpu=cortex-a9 -mfpu=vfpv3 -mfloat-abi=hard -nostartfiles -Wall -Wextra"
"Compiling sdps"
"Running Make libs in ps7_cortexa9_0/libsrc/standalone_v6_5/src"
make -C ps7_cortexa9_0/libsrc/standalone_v6_5/src -s libs  "SHELL=CMD" "COMPILER=arm-none-eabi-gcc" "ARCHIVER=arm-none-eabi-ar" "COMPILER_FLAGS=  -O2 -c" "EXTRA_COMPILER_FLAGS=-mcpu=cortex-a9 -mfpu=vfpv3 -mfloat-abi=hard -nostartfiles -Wall -Wextra"
"Compiling standalone"
"Running Make libs in ps7_cortexa9_0/libsrc/uartlite_v3_2/src"
make -C ps7_cortexa9_0/libsrc/uartlite_v3_2/src -s libs  "SHELL=CMD" "COMPILER=arm-none-eabi-gcc" "ARCHIVER=arm-none-eabi-ar" "COMPILER_FLAGS=  -O2 -c" "EXTRA_COMPILER_FLAGS=-mcpu=cortex-a9 -mfpu=vfpv3 -mfloat-abi=hard -nostartfiles -Wall -Wextra"
"Compiling uartlite"
"Running Make libs in ps7_cortexa9_0/libsrc/uartps_v3_5/src"
make -C ps7_cortexa9_0/libsrc/uartps_v3_5/src -s libs  "SHELL=CMD" "COMPILER=arm-none-eabi-gcc" "ARCHIVER=arm-none-eabi-ar" "COMPILER_FLAGS=  -O2 -c" "EXTRA_COMPILER_FLAGS=-mcpu=cortex-a9 -mfpu=vfpv3 -mfloat-abi=hard -nostartfiles -Wall -Wextra"
"Compiling uartps"
"Running Make libs in ps7_cortexa9_0/libsrc/usbps_v2_4/src"
make -C ps7_cortexa9_0/libsrc/usbps_v2_4/src -s libs  "SHELL=CMD" "COMPILER=arm-none-eabi-gcc" "ARCHIVER=arm-none-eabi-ar" "COMPILER_FLAGS=  -O2 -c" "EXTRA_COMPILER_FLAGS=-mcpu=cortex-a9 -mfpu=vfpv3 -mfloat-abi=hard -nostartfiles -Wall -Wextra"
"Compiling usbps"
"Running Make libs in ps7_cortexa9_0/libsrc/xadcps_v2_2/src"
make -C ps7_cortexa9_0/libsrc/xadcps_v2_2/src -s libs  "SHELL=CMD" "COMPILER=arm-none-eabi-gcc" "ARCHIVER=arm-none-eabi-ar" "COMPILER_FLAGS=  -O2 -c" "EXTRA_COMPILER_FLAGS=-mcpu=cortex-a9 -mfpu=vfpv3 -mfloat-abi=hard -nostartfiles -Wall -Wextra"
"Compiling xadcps"
'Finished building libraries'
14:31:46 **** Build of configuration Debug for project uartlite_test ****
make pre-build main-build 
a9-linaro-pre-build-step
' '
'Building file: ../src/platform.c'
'Invoking: ARM v7 gcc compiler'
arm-none-eabi-gcc -Wall -O0 -g3 -c -fmessage-length=0 -MT"src/platform.o" -mcpu=cortex-a9 -mfpu=vfpv3 -mfloat-abi=hard -I../../uartlite_test_bsp/ps7_cortexa9_0/include -MMD -MP -MF"src/platform.d" -MT"src/platform.o" -o "src/platform.o" "../src/platform.c"
'Finished building: ../src/platform.c'
' '
'Building file: ../src/uartlite_test.c'
'Invoking: ARM v7 gcc compiler'
arm-none-eabi-gcc -Wall -O0 -g3 -c -fmessage-length=0 -MT"src/uartlite_test.o" -mcpu=cortex-a9 -mfpu=vfpv3 -mfloat-abi=hard -I../../uartlite_test_bsp/ps7_cortexa9_0/include -MMD -MP -MF"src/uartlite_test.d" -MT"src/uartlite_test.o" -o "src/uartlite_test.o" "../src/uartlite_test.c"
../src/uartlite_test.c: In function 'main':
../src/uartlite_test.c:110:4: warning: implicit declaration of function 'XUartlite_Send' [-Wimplicit-function-declaration]
    XUartlite_Send(&Uartlite, SendBufferPtr, SendByteNum);
    ^~~~~~~~~~~~~~
../src/uartlite_test.c:60:6: warning: unused variable 'IsrStatus' [-Wunused-variable]
  u32 IsrStatus;
      ^~~~~~~~~
'Finished building: ../src/uartlite_test.c'
' '
make: *** √ª”–πÊ‘Úø…“‘¥¥Ω®°∞uartlite_test.elf°±–Ë“™µƒƒø±Í°∞platform.o°±°£ Õ£÷π°£
14:33:39 **** Auto Build of configuration Debug for project uartlite_test_bsp_xuartlite_intr_tapp_example_1 ****
make pre-build main-build 
a9-linaro-pre-build-step
' '
'Building file: ../src/xuartlite_intr_tapp_example.c'
'Invoking: ARM v7 gcc compiler'
arm-none-eabi-gcc -Wall -O0 -g3 -c -fmessage-length=0 -MT"src/xuartlite_intr_tapp_example.o" -mcpu=cortex-a9 -mfpu=vfpv3 -mfloat-abi=hard -I../../uartlite_test_bsp/ps7_cortexa9_0/include -MMD -MP -MF"src/xuartlite_intr_tapp_example.d" -MT"src/xuartlite_intr_tapp_example.o" -o "src/xuartlite_intr_tapp_example.o" "../src/xuartlite_intr_tapp_example.c"
../src/xuartlite_intr_tapp_example.c:63:25: fatal error: xparameters.h: No such file or directory
 #include "xparameters.h"
                         ^
compilation terminated.
make: *** [src/xuartlite_intr_tapp_example.o] ¥ÌŒÛ 1
14:34:00 **** Build of project uartlite_test_bsp ****
make -k all 
"Running Make include in ps7_cortexa9_0/libsrc/axidma_v9_5/src"
make -C ps7_cortexa9_0/libsrc/axidma_v9_5/src -s include  "SHELL=CMD" "COMPILER=arm-none-eabi-gcc" "ARCHIVER=arm-none-eabi-ar" "COMPILER_FLAGS=  -O2 -c" "EXTRA_COMPILER_FLAGS=-mcpu=cortex-a9 -mfpu=vfpv3 -mfloat-abi=hard -nostartfiles -Wall -Wextra"
"Running Make include in ps7_cortexa9_0/libsrc/coresightps_dcc_v1_4/src"
make -C ps7_cortexa9_0/libsrc/coresightps_dcc_v1_4/src -s include  "SHELL=CMD" "COMPILER=arm-none-eabi-gcc" "ARCHIVER=arm-none-eabi-ar" "COMPILER_FLAGS=  -O2 -c" "EXTRA_COMPILER_FLAGS=-mcpu=cortex-a9 -mfpu=vfpv3 -mfloat-abi=hard -nostartfiles -Wall -Wextra"
"Running Make include in ps7_cortexa9_0/libsrc/cpu_cortexa9_v2_5/src"
make -C ps7_cortexa9_0/libsrc/cpu_cortexa9_v2_5/src -s include  "SHELL=CMD" "COMPILER=arm-none-eabi-gcc" "ARCHIVER=arm-none-eabi-ar" "COMPILER_FLAGS=  -O2 -c" "EXTRA_COMPILER_FLAGS=-mcpu=cortex-a9 -mfpu=vfpv3 -mfloat-abi=hard -nostartfiles -Wall -Wextra"
"Running Make include in ps7_cortexa9_0/libsrc/ddrps_v1_0/src"
make -C ps7_cortexa9_0/libsrc/ddrps_v1_0/src -s include  "SHELL=CMD" "COMPILER=arm-none-eabi-gcc" "ARCHIVER=arm-none-eabi-ar" "COMPILER_FLAGS=  -O2 -c" "EXTRA_COMPILER_FLAGS=-mcpu=cortex-a9 -mfpu=vfpv3 -mfloat-abi=hard -nostartfiles -Wall -Wextra"
"Running Make include in ps7_cortexa9_0/libsrc/devcfg_v3_5/src"
make -C ps7_cortexa9_0/libsrc/devcfg_v3_5/src -s include  "SHELL=CMD" "COMPILER=arm-none-eabi-gcc" "ARCHIVER=arm-none-eabi-ar" "COMPILER_FLAGS=  -O2 -c" "EXTRA_COMPILER_FLAGS=-mcpu=cortex-a9 -mfpu=vfpv3 -mfloat-abi=hard -nostartfiles -Wall -Wextra"
"Running Make include in ps7_cortexa9_0/libsrc/dmaps_v2_3/src"
make -C ps7_cortexa9_0/libsrc/dmaps_v2_3/src -s include  "SHELL=CMD" "COMPILER=arm-none-eabi-gcc" "ARCHIVER=arm-none-eabi-ar" "COMPILER_FLAGS=  -O2 -c" "EXTRA_COMPILER_FLAGS=-mcpu=cortex-a9 -mfpu=vfpv3 -mfloat-abi=hard -nostartfiles -Wall -Wextra"
"Running Make include in ps7_cortexa9_0/libsrc/emacps_v3_6/src"
make -C ps7_cortexa9_0/libsrc/emacps_v3_6/src -s include  "SHELL=CMD" "COMPILER=arm-none-eabi-gcc" "ARCHIVER=arm-none-eabi-ar" "COMPILER_FLAGS=  -O2 -c" "EXTRA_COMPILER_FLAGS=-mcpu=cortex-a9 -mfpu=vfpv3 -mfloat-abi=hard -nostartfiles -Wall -Wextra"
"Running Make include in ps7_cortexa9_0/libsrc/gpio_v4_3/src"
make -C ps7_cortexa9_0/libsrc/gpio_v4_3/src -s include  "SHELL=CMD" "COMPILER=arm-none-eabi-gcc" "ARCHIVER=arm-none-eabi-ar" "COMPILER_FLAGS=  -O2 -c" "EXTRA_COMPILER_FLAGS=-mcpu=cortex-a9 -mfpu=vfpv3 -mfloat-abi=hard -nostartfiles -Wall -Wextra"
"Running Make include in ps7_cortexa9_0/libsrc/gpiops_v3_3/src"
make -C ps7_cortexa9_0/libsrc/gpiops_v3_3/src -s include  "SHELL=CMD" "COMPILER=arm-none-eabi-gcc" "ARCHIVER=arm-none-eabi-ar" "COMPILER_FLAGS=  -O2 -c" "EXTRA_COMPILER_FLAGS=-mcpu=cortex-a9 -mfpu=vfpv3 -mfloat-abi=hard -nostartfiles -Wall -Wextra"
"Running Make include in ps7_cortexa9_0/libsrc/qspips_v3_4/src"
make -C ps7_cortexa9_0/libsrc/qspips_v3_4/src -s include  "SHELL=CMD" "COMPILER=arm-none-eabi-gcc" "ARCHIVER=arm-none-eabi-ar" "COMPILER_FLAGS=  -O2 -c" "EXTRA_COMPILER_FLAGS=-mcpu=cortex-a9 -mfpu=vfpv3 -mfloat-abi=hard -nostartfiles -Wall -Wextra"
"Running Make include in ps7_cortexa9_0/libsrc/scugic_v3_8/src"
make -C ps7_cortexa9_0/libsrc/scugic_v3_8/src -s include  "SHELL=CMD" "COMPILER=arm-none-eabi-gcc" "ARCHIVER=arm-none-eabi-ar" "COMPILER_FLAGS=  -O2 -c" "EXTRA_COMPILER_FLAGS=-mcpu=cortex-a9 -mfpu=vfpv3 -mfloat-abi=hard -nostartfiles -Wall -Wextra"
"Running Make include in ps7_cortexa9_0/libsrc/scutimer_v2_1/src"
make -C ps7_cortexa9_0/libsrc/scutimer_v2_1/src -s include  "SHELL=CMD" "COMPILER=arm-none-eabi-gcc" "ARCHIVER=arm-none-eabi-ar" "COMPILER_FLAGS=  -O2 -c" "EXTRA_COMPILER_FLAGS=-mcpu=cortex-a9 -mfpu=vfpv3 -mfloat-abi=hard -nostartfiles -Wall -Wextra"
"Running Make include in ps7_cortexa9_0/libsrc/scuwdt_v2_1/src"
make -C ps7_cortexa9_0/libsrc/scuwdt_v2_1/src -s include  "SHELL=CMD" "COMPILER=arm-none-eabi-gcc" "ARCHIVER=arm-none-eabi-ar" "COMPILER_FLAGS=  -O2 -c" "EXTRA_COMPILER_FLAGS=-mcpu=cortex-a9 -mfpu=vfpv3 -mfloat-abi=hard -nostartfiles -Wall -Wextra"
"Running Make include in ps7_cortexa9_0/libsrc/sdps_v3_3/src"
make -C ps7_cortexa9_0/libsrc/sdps_v3_3/src -s include  "SHELL=CMD" "COMPILER=arm-none-eabi-gcc" "ARCHIVER=arm-none-eabi-ar" "COMPILER_FLAGS=  -O2 -c" "EXTRA_COMPILER_FLAGS=-mcpu=cortex-a9 -mfpu=vfpv3 -mfloat-abi=hard -nostartfiles -Wall -Wextra"
"Running Make include in ps7_cortexa9_0/libsrc/standalone_v6_5/src"
make -C ps7_cortexa9_0/libsrc/standalone_v6_5/src -s include  "SHELL=CMD" "COMPILER=arm-none-eabi-gcc" "ARCHIVER=arm-none-eabi-ar" "COMPILER_FLAGS=  -O2 -c" "EXTRA_COMPILER_FLAGS=-mcpu=cortex-a9 -mfpu=vfpv3 -mfloat-abi=hard -nostartfiles -Wall -Wextra"
"Running Make include in ps7_cortexa9_0/libsrc/uartlite_v3_2/src"
make -C ps7_cortexa9_0/libsrc/uartlite_v3_2/src -s include  "SHELL=CMD" "COMPILER=arm-none-eabi-gcc" "ARCHIVER=arm-none-eabi-ar" "COMPILER_FLAGS=  -O2 -c" "EXTRA_COMPILER_FLAGS=-mcpu=cortex-a9 -mfpu=vfpv3 -mfloat-abi=hard -nostartfiles -Wall -Wextra"
"Running Make include in ps7_cortexa9_0/libsrc/uartps_v3_5/src"
make -C ps7_cortexa9_0/libsrc/uartps_v3_5/src -s include  "SHELL=CMD" "COMPILER=arm-none-eabi-gcc" "ARCHIVER=arm-none-eabi-ar" "COMPILER_FLAGS=  -O2 -c" "EXTRA_COMPILER_FLAGS=-mcpu=cortex-a9 -mfpu=vfpv3 -mfloat-abi=hard -nostartfiles -Wall -Wextra"
"Running Make include in ps7_cortexa9_0/libsrc/usbps_v2_4/src"
make -C ps7_cortexa9_0/libsrc/usbps_v2_4/src -s include  "SHELL=CMD" "COMPILER=arm-none-eabi-gcc" "ARCHIVER=arm-none-eabi-ar" "COMPILER_FLAGS=  -O2 -c" "EXTRA_COMPILER_FLAGS=-mcpu=cortex-a9 -mfpu=vfpv3 -mfloat-abi=hard -nostartfiles -Wall -Wextra"
"Running Make include in ps7_cortexa9_0/libsrc/xadcps_v2_2/src"
make -C ps7_cortexa9_0/libsrc/xadcps_v2_2/src -s include  "SHELL=CMD" "COMPILER=arm-none-eabi-gcc" "ARCHIVER=arm-none-eabi-ar" "COMPILER_FLAGS=  -O2 -c" "EXTRA_COMPILER_FLAGS=-mcpu=cortex-a9 -mfpu=vfpv3 -mfloat-abi=hard -nostartfiles -Wall -Wextra"
"Running Make libs in ps7_cortexa9_0/libsrc/axidma_v9_5/src"
make -C ps7_cortexa9_0/libsrc/axidma_v9_5/src -s libs  "SHELL=CMD" "COMPILER=arm-none-eabi-gcc" "ARCHIVER=arm-none-eabi-ar" "COMPILER_FLAGS=  -O2 -c" "EXTRA_COMPILER_FLAGS=-mcpu=cortex-a9 -mfpu=vfpv3 -mfloat-abi=hard -nostartfiles -Wall -Wextra"
"Compiling axidma"
arm-none-eabi-ar: creating ../../../lib/libxil.a
"Running Make libs in ps7_cortexa9_0/libsrc/coresightps_dcc_v1_4/src"
make -C ps7_cortexa9_0/libsrc/coresightps_dcc_v1_4/src -s libs  "SHELL=CMD" "COMPILER=arm-none-eabi-gcc" "ARCHIVER=arm-none-eabi-ar" "COMPILER_FLAGS=  -O2 -c" "EXTRA_COMPILER_FLAGS=-mcpu=cortex-a9 -mfpu=vfpv3 -mfloat-abi=hard -nostartfiles -Wall -Wextra"
"Compiling coresightps_dcc"
"Running Make libs in ps7_cortexa9_0/libsrc/cpu_cortexa9_v2_5/src"
make -C ps7_cortexa9_0/libsrc/cpu_cortexa9_v2_5/src -s libs  "SHELL=CMD" "COMPILER=arm-none-eabi-gcc" "ARCHIVER=arm-none-eabi-ar" "COMPILER_FLAGS=  -O2 -c" "EXTRA_COMPILER_FLAGS=-mcpu=cortex-a9 -mfpu=vfpv3 -mfloat-abi=hard -nostartfiles -Wall -Wextra"
"Compiling cpu_cortexa9"
"Running Make libs in ps7_cortexa9_0/libsrc/ddrps_v1_0/src"
make -C ps7_cortexa9_0/libsrc/ddrps_v1_0/src -s libs  "SHELL=CMD" "COMPILER=arm-none-eabi-gcc" "ARCHIVER=arm-none-eabi-ar" "COMPILER_FLAGS=  -O2 -c" "EXTRA_COMPILER_FLAGS=-mcpu=cortex-a9 -mfpu=vfpv3 -mfloat-abi=hard -nostartfiles -Wall -Wextra"
"Compiling ddrps"
"Running Make libs in ps7_cortexa9_0/libsrc/devcfg_v3_5/src"
make -C ps7_cortexa9_0/libsrc/devcfg_v3_5/src -s libs  "SHELL=CMD" "COMPILER=arm-none-eabi-gcc" "ARCHIVER=arm-none-eabi-ar" "COMPILER_FLAGS=  -O2 -c" "EXTRA_COMPILER_FLAGS=-mcpu=cortex-a9 -mfpu=vfpv3 -mfloat-abi=hard -nostartfiles -Wall -Wextra"
"Compiling devcfg"
"Running Make libs in ps7_cortexa9_0/libsrc/dmaps_v2_3/src"
make -C ps7_cortexa9_0/libsrc/dmaps_v2_3/src -s libs  "SHELL=CMD" "COMPILER=arm-none-eabi-gcc" "ARCHIVER=arm-none-eabi-ar" "COMPILER_FLAGS=  -O2 -c" "EXTRA_COMPILER_FLAGS=-mcpu=cortex-a9 -mfpu=vfpv3 -mfloat-abi=hard -nostartfiles -Wall -Wextra"
"Compiling dmaps"
"Running Make libs in ps7_cortexa9_0/libsrc/emacps_v3_6/src"
make -C ps7_cortexa9_0/libsrc/emacps_v3_6/src -s libs  "SHELL=CMD" "COMPILER=arm-none-eabi-gcc" "ARCHIVER=arm-none-eabi-ar" "COMPILER_FLAGS=  -O2 -c" "EXTRA_COMPILER_FLAGS=-mcpu=cortex-a9 -mfpu=vfpv3 -mfloat-abi=hard -nostartfiles -Wall -Wextra"
"Compiling emacps"
"Running Make libs in ps7_cortexa9_0/libsrc/gpio_v4_3/src"
make -C ps7_cortexa9_0/libsrc/gpio_v4_3/src -s libs  "SHELL=CMD" "COMPILER=arm-none-eabi-gcc" "ARCHIVER=arm-none-eabi-ar" "COMPILER_FLAGS=  -O2 -c" "EXTRA_COMPILER_FLAGS=-mcpu=cortex-a9 -mfpu=vfpv3 -mfloat-abi=hard -nostartfiles -Wall -Wextra"
"Compiling gpio"
"Running Make libs in ps7_cortexa9_0/libsrc/gpiops_v3_3/src"
make -C ps7_cortexa9_0/libsrc/gpiops_v3_3/src -s libs  "SHELL=CMD" "COMPILER=arm-none-eabi-gcc" "ARCHIVER=arm-none-eabi-ar" "COMPILER_FLAGS=  -O2 -c" "EXTRA_COMPILER_FLAGS=-mcpu=cortex-a9 -mfpu=vfpv3 -mfloat-abi=hard -nostartfiles -Wall -Wextra"
"Compiling gpiops"
"Running Make libs in ps7_cortexa9_0/libsrc/qspips_v3_4/src"
make -C ps7_cortexa9_0/libsrc/qspips_v3_4/src -s libs  "SHELL=CMD" "COMPILER=arm-none-eabi-gcc" "ARCHIVER=arm-none-eabi-ar" "COMPILER_FLAGS=  -O2 -c" "EXTRA_COMPILER_FLAGS=-mcpu=cortex-a9 -mfpu=vfpv3 -mfloat-abi=hard -nostartfiles -Wall -Wextra"
"Compiling qspips"
"Running Make libs in ps7_cortexa9_0/libsrc/scugic_v3_8/src"
make -C ps7_cortexa9_0/libsrc/scugic_v3_8/src -s libs  "SHELL=CMD" "COMPILER=arm-none-eabi-gcc" "ARCHIVER=arm-none-eabi-ar" "COMPILER_FLAGS=  -O2 -c" "EXTRA_COMPILER_FLAGS=-mcpu=cortex-a9 -mfpu=vfpv3 -mfloat-abi=hard -nostartfiles -Wall -Wextra"
"Compiling scugic"
"Running Make libs in ps7_cortexa9_0/libsrc/scutimer_v2_1/src"
make -C ps7_cortexa9_0/libsrc/scutimer_v2_1/src -s libs  "SHELL=CMD" "COMPILER=arm-none-eabi-gcc" "ARCHIVER=arm-none-eabi-ar" "COMPILER_FLAGS=  -O2 -c" "EXTRA_COMPILER_FLAGS=-mcpu=cortex-a9 -mfpu=vfpv3 -mfloat-abi=hard -nostartfiles -Wall -Wextra"
"Compiling scutimer"
"Running Make libs in ps7_cortexa9_0/libsrc/scuwdt_v2_1/src"
make -C ps7_cortexa9_0/libsrc/scuwdt_v2_1/src -s libs  "SHELL=CMD" "COMPILER=arm-none-eabi-gcc" "ARCHIVER=arm-none-eabi-ar" "COMPILER_FLAGS=  -O2 -c" "EXTRA_COMPILER_FLAGS=-mcpu=cortex-a9 -mfpu=vfpv3 -mfloat-abi=hard -nostartfiles -Wall -Wextra"
"Compiling scuwdt"
"Running Make libs in ps7_cortexa9_0/libsrc/sdps_v3_3/src"
make -C ps7_cortexa9_0/libsrc/sdps_v3_3/src -s libs  "SHELL=CMD" "COMPILER=arm-none-eabi-gcc" "ARCHIVER=arm-none-eabi-ar" "COMPILER_FLAGS=  -O2 -c" "EXTRA_COMPILER_FLAGS=-mcpu=cortex-a9 -mfpu=vfpv3 -mfloat-abi=hard -nostartfiles -Wall -Wextra"
"Compiling sdps"
"Running Make libs in ps7_cortexa9_0/libsrc/standalone_v6_5/src"
make -C ps7_cortexa9_0/libsrc/standalone_v6_5/src -s libs  "SHELL=CMD" "COMPILER=arm-none-eabi-gcc" "ARCHIVER=arm-none-eabi-ar" "COMPILER_FLAGS=  -O2 -c" "EXTRA_COMPILER_FLAGS=-mcpu=cortex-a9 -mfpu=vfpv3 -mfloat-abi=hard -nostartfiles -Wall -Wextra"
"Compiling standalone"
"Running Make libs in ps7_cortexa9_0/libsrc/uartlite_v3_2/src"
make -C ps7_cortexa9_0/libsrc/uartlite_v3_2/src -s libs  "SHELL=CMD" "COMPILER=arm-none-eabi-gcc" "ARCHIVER=arm-none-eabi-ar" "COMPILER_FLAGS=  -O2 -c" "EXTRA_COMPILER_FLAGS=-mcpu=cortex-a9 -mfpu=vfpv3 -mfloat-abi=hard -nostartfiles -Wall -Wextra"
"Compiling uartlite"
"Running Make libs in ps7_cortexa9_0/libsrc/uartps_v3_5/src"
make -C ps7_cortexa9_0/libsrc/uartps_v3_5/src -s libs  "SHELL=CMD" "COMPILER=arm-none-eabi-gcc" "ARCHIVER=arm-none-eabi-ar" "COMPILER_FLAGS=  -O2 -c" "EXTRA_COMPILER_FLAGS=-mcpu=cortex-a9 -mfpu=vfpv3 -mfloat-abi=hard -nostartfiles -Wall -Wextra"
"Compiling uartps"
"Running Make libs in ps7_cortexa9_0/libsrc/usbps_v2_4/src"
make -C ps7_cortexa9_0/libsrc/usbps_v2_4/src -s libs  "SHELL=CMD" "COMPILER=arm-none-eabi-gcc" "ARCHIVER=arm-none-eabi-ar" "COMPILER_FLAGS=  -O2 -c" "EXTRA_COMPILER_FLAGS=-mcpu=cortex-a9 -mfpu=vfpv3 -mfloat-abi=hard -nostartfiles -Wall -Wextra"
"Compiling usbps"
"Running Make libs in ps7_cortexa9_0/libsrc/xadcps_v2_2/src"
make -C ps7_cortexa9_0/libsrc/xadcps_v2_2/src -s libs  "SHELL=CMD" "COMPILER=arm-none-eabi-gcc" "ARCHIVER=arm-none-eabi-ar" "COMPILER_FLAGS=  -O2 -c" "EXTRA_COMPILER_FLAGS=-mcpu=cortex-a9 -mfpu=vfpv3 -mfloat-abi=hard -nostartfiles -Wall -Wextra"
"Compiling xadcps"
'Finished building libraries'
14:34:17 **** Build of configuration Debug for project uartlite_test ****
make pre-build main-build 
a9-linaro-pre-build-step
' '
'Building file: ../src/helloworld.c'
'Invoking: ARM v7 gcc compiler'
arm-none-eabi-gcc -Wall -O0 -g3 -c -fmessage-length=0 -MT"src/helloworld.o" -mcpu=cortex-a9 -mfpu=vfpv3 -mfloat-abi=hard -I../../uartlite_test_bsp/ps7_cortexa9_0/include -MMD -MP -MF"src/helloworld.d" -MT"src/helloworld.o" -o "src/helloworld.o" "../src/helloworld.c"
'Finished building: ../src/helloworld.c'
' '
'Building file: ../src/platform.c'
'Invoking: ARM v7 gcc compiler'
arm-none-eabi-gcc -Wall -O0 -g3 -c -fmessage-length=0 -MT"src/platform.o" -mcpu=cortex-a9 -mfpu=vfpv3 -mfloat-abi=hard -I../../uartlite_test_bsp/ps7_cortexa9_0/include -MMD -MP -MF"src/platform.d" -MT"src/platform.o" -o "src/platform.o" "../src/platform.c"
'Finished building: ../src/platform.c'
' '
'Building target: uartlite_test.elf'
'Invoking: ARM v7 gcc linker'
arm-none-eabi-gcc -mcpu=cortex-a9 -mfpu=vfpv3 -mfloat-abi=hard -Wl,-build-id=none -specs=Xilinx.spec -Wl,-T -Wl,../src/lscript.ld -L../../uartlite_test_bsp/ps7_cortexa9_0/lib -o "uartlite_test.elf"  ./src/helloworld.o ./src/platform.o   -Wl,--start-group,-lxil,-lgcc,-lc,--end-group
'Finished building target: uartlite_test.elf'
' '
'Invoking: ARM v7 Print Size'
arm-none-eabi-size uartlite_test.elf  |tee "uartlite_test.elf.size"
   text	   data	    bss	    dec	    hex	filename
  19380	   1148	  22568	  43096	   a858	uartlite_test.elf
'Finished building: uartlite_test.elf.size'
' '
14:34:18 **** Auto Build of configuration Debug for project uartlite_test_bsp_xuartlite_intr_tapp_example_1 ****
make pre-build main-build 
a9-linaro-pre-build-step
' '
'Building file: ../src/xuartlite_intr_tapp_example.c'
'Invoking: ARM v7 gcc compiler'
arm-none-eabi-gcc -Wall -O0 -g3 -c -fmessage-length=0 -MT"src/xuartlite_intr_tapp_example.o" -mcpu=cortex-a9 -mfpu=vfpv3 -mfloat-abi=hard -I../../uartlite_test_bsp/ps7_cortexa9_0/include -MMD -MP -MF"src/xuartlite_intr_tapp_example.d" -MT"src/xuartlite_intr_tapp_example.o" -o "src/xuartlite_intr_tapp_example.o" "../src/xuartlite_intr_tapp_example.c"
'Finished building: ../src/xuartlite_intr_tapp_example.c'
' '
'Building target: uartlite_test_bsp_xuartlite_intr_tapp_example_1.elf'
'Invoking: ARM v7 gcc linker'
arm-none-eabi-gcc -mcpu=cortex-a9 -mfpu=vfpv3 -mfloat-abi=hard -Wl,-build-id=none -specs=Xilinx.spec -Wl,-T -Wl,../src/lscript.ld -L../../uartlite_test_bsp/ps7_cortexa9_0/lib -o "uartlite_test_bsp_xuartlite_intr_tapp_example_1.elf"  ./src/xuartlite_intr_tapp_example.o   -Wl,--start-group,-lxil,-lgcc,-lc,--end-group
'Finished building target: uartlite_test_bsp_xuartlite_intr_tapp_example_1.elf'
' '
'Invoking: ARM v7 Print Size'
arm-none-eabi-size uartlite_test_bsp_xuartlite_intr_tapp_example_1.elf  |tee "uartlite_test_bsp_xuartlite_intr_tapp_example_1.elf.size"
   text	   data	    bss	    dec	    hex	filename
  28532	   2740	  22776	  54048	   d320	uartlite_test_bsp_xuartlite_intr_tapp_example_1.elf
'Finished building: uartlite_test_bsp_xuartlite_intr_tapp_example_1.elf.size'
' '
14:34:22 **** Clean-only build of configuration Debug for project uartlite_test ****
make clean 
rm -rf  ./src/helloworld.o ./src/platform.o  ./src/helloworld.d ./src/platform.d  uartlite_test.elf.size  uartlite_test.elf
' '
14:34:22 **** Auto Build of configuration Debug for project uartlite_test ****
make pre-build main-build 
a9-linaro-pre-build-step
' '
'Building file: ../src/platform.c'
'Invoking: ARM v7 gcc compiler'
arm-none-eabi-gcc -Wall -O0 -g3 -c -fmessage-length=0 -MT"src/platform.o" -mcpu=cortex-a9 -mfpu=vfpv3 -mfloat-abi=hard -I../../uartlite_test_bsp/ps7_cortexa9_0/include -MMD -MP -MF"src/platform.d" -MT"src/platform.o" -o "src/platform.o" "../src/platform.c"
'Finished building: ../src/platform.c'
' '
'Building target: uartlite_test.elf'
'Invoking: ARM v7 gcc linker'
arm-none-eabi-gcc -mcpu=cortex-a9 -mfpu=vfpv3 -mfloat-abi=hard -Wl,-build-id=none -specs=Xilinx.spec -Wl,-T -Wl,../src/lscript.ld -L../../uartlite_test_bsp/ps7_cortexa9_0/lib -o "uartlite_test.elf"  ./src/platform.o   -Wl,--start-group,-lxil,-lgcc,-lc,--end-group
../../uartlite_test_bsp/ps7_cortexa9_0/lib\libxil.a(xil-crt0.o): In function `_start':
xil-crt0.S:(.text+0x68): undefined reference to `main'
collect2.exe: error: ld returned 1 exit status
make: *** [uartlite_test.elf] ¥ÌŒÛ 1
14:34:44 **** Auto Build of configuration Debug for project uartlite_test ****
make pre-build main-build 
a9-linaro-pre-build-step
' '
'Building file: ../src/uartlite_test.c'
'Invoking: ARM v7 gcc compiler'
arm-none-eabi-gcc -Wall -O0 -g3 -c -fmessage-length=0 -MT"src/uartlite_test.o" -mcpu=cortex-a9 -mfpu=vfpv3 -mfloat-abi=hard -I../../uartlite_test_bsp/ps7_cortexa9_0/include -MMD -MP -MF"src/uartlite_test.d" -MT"src/uartlite_test.o" -o "src/uartlite_test.o" "../src/uartlite_test.c"
../src/uartlite_test.c: In function 'main':
../src/uartlite_test.c:110:4: warning: implicit declaration of function 'XUartlite_Send' [-Wimplicit-function-declaration]
    XUartlite_Send(&Uartlite, SendBufferPtr, SendByteNum);
    ^~~~~~~~~~~~~~
../src/uartlite_test.c:60:6: warning: unused variable 'IsrStatus' [-Wunused-variable]
  u32 IsrStatus;
      ^~~~~~~~~
'Finished building: ../src/uartlite_test.c'
' '
'Building target: uartlite_test.elf'
'Invoking: ARM v7 gcc linker'
arm-none-eabi-gcc -mcpu=cortex-a9 -mfpu=vfpv3 -mfloat-abi=hard -Wl,-build-id=none -specs=Xilinx.spec -Wl,-T -Wl,../src/lscript.ld -L../../uartlite_test_bsp/ps7_cortexa9_0/lib -o "uartlite_test.elf"  ./src/platform.o ./src/uartlite_test.o   -Wl,--start-group,-lxil,-lgcc,-lc,--end-group
./src/uartlite_test.o: In function `main':
D:\Alinx\Alinx7010\Self_learning\axidma_axiuartlite\axidma_axiuartlite.sdk\uartlite_test\Debug/../src/uartlite_test.c:110: undefined reference to `XUartlite_Send'
D:\Alinx\Alinx7010\Self_learning\axidma_axiuartlite\axidma_axiuartlite.sdk\uartlite_test\Debug/../src/uartlite_test.c:124: undefined reference to `XUartlite_Send'
collect2.exe: error: ld returned 1 exit status
make: *** [uartlite_test.elf] ¥ÌŒÛ 1
14:35:27 **** Auto Build of configuration Debug for project uartlite_test ****
make pre-build main-build 
a9-linaro-pre-build-step
' '
'Building file: ../src/uartlite_test.c'
'Invoking: ARM v7 gcc compiler'
arm-none-eabi-gcc -Wall -O0 -g3 -c -fmessage-length=0 -MT"src/uartlite_test.o" -mcpu=cortex-a9 -mfpu=vfpv3 -mfloat-abi=hard -I../../uartlite_test_bsp/ps7_cortexa9_0/include -MMD -MP -MF"src/uartlite_test.d" -MT"src/uartlite_test.o" -o "src/uartlite_test.o" "../src/uartlite_test.c"
../src/uartlite_test.c: In function 'main':
../src/uartlite_test.c:60:6: warning: unused variable 'IsrStatus' [-Wunused-variable]
  u32 IsrStatus;
      ^~~~~~~~~
'Finished building: ../src/uartlite_test.c'
' '
'Building target: uartlite_test.elf'
'Invoking: ARM v7 gcc linker'
arm-none-eabi-gcc -mcpu=cortex-a9 -mfpu=vfpv3 -mfloat-abi=hard -Wl,-build-id=none -specs=Xilinx.spec -Wl,-T -Wl,../src/lscript.ld -L../../uartlite_test_bsp/ps7_cortexa9_0/lib -o "uartlite_test.elf"  ./src/platform.o ./src/uartlite_test.o   -Wl,--start-group,-lxil,-lgcc,-lc,--end-group
'Finished building target: uartlite_test.elf'
' '
'Invoking: ARM v7 Print Size'
arm-none-eabi-size uartlite_test.elf  |tee "uartlite_test.elf.size"
   text	   data	    bss	    dec	    hex	filename
  30120	   2788	  24696	  57604	   e104	uartlite_test.elf
'Finished building: uartlite_test.elf.size'
' '
14:35:49 **** Incremental Build of configuration Debug for project uartlite_test ****
make pre-build main-build 
a9-linaro-pre-build-step
' '
make: Nothing to be done for `main-build'.
14:36:22 **** Incremental Build of configuration Debug for project uartlite_test ****
make pre-build main-build 
a9-linaro-pre-build-step
' '
make: Nothing to be done for `main-build'.
14:38:03 **** Incremental Build of configuration Debug for project uartlite_test ****
make pre-build main-build 
a9-linaro-pre-build-step
' '
make: Nothing to be done for `main-build'.
14:38:47 **** Auto Build of configuration Debug for project uartlite_test ****
make pre-build main-build 
a9-linaro-pre-build-step
' '
'Building file: ../src/uartlite_test.c'
'Invoking: ARM v7 gcc compiler'
arm-none-eabi-gcc -Wall -O0 -g3 -c -fmessage-length=0 -MT"src/uartlite_test.o" -mcpu=cortex-a9 -mfpu=vfpv3 -mfloat-abi=hard -I../../uartlite_test_bsp/ps7_cortexa9_0/include -MMD -MP -MF"src/uartlite_test.d" -MT"src/uartlite_test.o" -o "src/uartlite_test.o" "../src/uartlite_test.c"
../src/uartlite_test.c: In function 'main':
../src/uartlite_test.c:62:6: warning: unused variable 'IsrStatus' [-Wunused-variable]
  u32 IsrStatus;
      ^~~~~~~~~
'Finished building: ../src/uartlite_test.c'
' '
'Building target: uartlite_test.elf'
'Invoking: ARM v7 gcc linker'
arm-none-eabi-gcc -mcpu=cortex-a9 -mfpu=vfpv3 -mfloat-abi=hard -Wl,-build-id=none -specs=Xilinx.spec -Wl,-T -Wl,../src/lscript.ld -L../../uartlite_test_bsp/ps7_cortexa9_0/lib -o "uartlite_test.elf"  ./src/platform.o ./src/uartlite_test.o   -Wl,--start-group,-lxil,-lgcc,-lc,--end-group
'Finished building target: uartlite_test.elf'
' '
'Invoking: ARM v7 Print Size'
arm-none-eabi-size uartlite_test.elf  |tee "uartlite_test.elf.size"
   text	   data	    bss	    dec	    hex	filename
  30124	   2788	  24696	  57608	   e108	uartlite_test.elf
'Finished building: uartlite_test.elf.size'
' '
14:38:50 **** Incremental Build of configuration Debug for project uartlite_test ****
make pre-build main-build 
a9-linaro-pre-build-step
' '
make: Nothing to be done for `main-build'.
14:39:09 **** Auto Build of project uartlite_test_bsp ****
make -k all 
"Running Make include in ps7_cortexa9_0/libsrc/axidma_v9_5/src"
make -C ps7_cortexa9_0/libsrc/axidma_v9_5/src -s include  "SHELL=CMD" "COMPILER=arm-none-eabi-gcc" "ARCHIVER=arm-none-eabi-ar" "COMPILER_FLAGS=  -O2 -c" "EXTRA_COMPILER_FLAGS=-mcpu=cortex-a9 -mfpu=vfpv3 -mfloat-abi=hard -nostartfiles -Wall -Wextra"
"Running Make include in ps7_cortexa9_0/libsrc/coresightps_dcc_v1_4/src"
make -C ps7_cortexa9_0/libsrc/coresightps_dcc_v1_4/src -s include  "SHELL=CMD" "COMPILER=arm-none-eabi-gcc" "ARCHIVER=arm-none-eabi-ar" "COMPILER_FLAGS=  -O2 -c" "EXTRA_COMPILER_FLAGS=-mcpu=cortex-a9 -mfpu=vfpv3 -mfloat-abi=hard -nostartfiles -Wall -Wextra"
"Running Make include in ps7_cortexa9_0/libsrc/cpu_cortexa9_v2_5/src"
make -C ps7_cortexa9_0/libsrc/cpu_cortexa9_v2_5/src -s include  "SHELL=CMD" "COMPILER=arm-none-eabi-gcc" "ARCHIVER=arm-none-eabi-ar" "COMPILER_FLAGS=  -O2 -c" "EXTRA_COMPILER_FLAGS=-mcpu=cortex-a9 -mfpu=vfpv3 -mfloat-abi=hard -nostartfiles -Wall -Wextra"
"Running Make include in ps7_cortexa9_0/libsrc/ddrps_v1_0/src"
make -C ps7_cortexa9_0/libsrc/ddrps_v1_0/src -s include  "SHELL=CMD" "COMPILER=arm-none-eabi-gcc" "ARCHIVER=arm-none-eabi-ar" "COMPILER_FLAGS=  -O2 -c" "EXTRA_COMPILER_FLAGS=-mcpu=cortex-a9 -mfpu=vfpv3 -mfloat-abi=hard -nostartfiles -Wall -Wextra"
"Running Make include in ps7_cortexa9_0/libsrc/devcfg_v3_5/src"
make -C ps7_cortexa9_0/libsrc/devcfg_v3_5/src -s include  "SHELL=CMD" "COMPILER=arm-none-eabi-gcc" "ARCHIVER=arm-none-eabi-ar" "COMPILER_FLAGS=  -O2 -c" "EXTRA_COMPILER_FLAGS=-mcpu=cortex-a9 -mfpu=vfpv3 -mfloat-abi=hard -nostartfiles -Wall -Wextra"
"Running Make include in ps7_cortexa9_0/libsrc/dmaps_v2_3/src"
make -C ps7_cortexa9_0/libsrc/dmaps_v2_3/src -s include  "SHELL=CMD" "COMPILER=arm-none-eabi-gcc" "ARCHIVER=arm-none-eabi-ar" "COMPILER_FLAGS=  -O2 -c" "EXTRA_COMPILER_FLAGS=-mcpu=cortex-a9 -mfpu=vfpv3 -mfloat-abi=hard -nostartfiles -Wall -Wextra"
"Running Make include in ps7_cortexa9_0/libsrc/emacps_v3_6/src"
make -C ps7_cortexa9_0/libsrc/emacps_v3_6/src -s include  "SHELL=CMD" "COMPILER=arm-none-eabi-gcc" "ARCHIVER=arm-none-eabi-ar" "COMPILER_FLAGS=  -O2 -c" "EXTRA_COMPILER_FLAGS=-mcpu=cortex-a9 -mfpu=vfpv3 -mfloat-abi=hard -nostartfiles -Wall -Wextra"
"Running Make include in ps7_cortexa9_0/libsrc/gpio_v4_3/src"
make -C ps7_cortexa9_0/libsrc/gpio_v4_3/src -s include  "SHELL=CMD" "COMPILER=arm-none-eabi-gcc" "ARCHIVER=arm-none-eabi-ar" "COMPILER_FLAGS=  -O2 -c" "EXTRA_COMPILER_FLAGS=-mcpu=cortex-a9 -mfpu=vfpv3 -mfloat-abi=hard -nostartfiles -Wall -Wextra"
"Running Make include in ps7_cortexa9_0/libsrc/gpiops_v3_3/src"
make -C ps7_cortexa9_0/libsrc/gpiops_v3_3/src -s include  "SHELL=CMD" "COMPILER=arm-none-eabi-gcc" "ARCHIVER=arm-none-eabi-ar" "COMPILER_FLAGS=  -O2 -c" "EXTRA_COMPILER_FLAGS=-mcpu=cortex-a9 -mfpu=vfpv3 -mfloat-abi=hard -nostartfiles -Wall -Wextra"
"Running Make include in ps7_cortexa9_0/libsrc/qspips_v3_4/src"
make -C ps7_cortexa9_0/libsrc/qspips_v3_4/src -s include  "SHELL=CMD" "COMPILER=arm-none-eabi-gcc" "ARCHIVER=arm-none-eabi-ar" "COMPILER_FLAGS=  -O2 -c" "EXTRA_COMPILER_FLAGS=-mcpu=cortex-a9 -mfpu=vfpv3 -mfloat-abi=hard -nostartfiles -Wall -Wextra"
"Running Make include in ps7_cortexa9_0/libsrc/scugic_v3_8/src"
make -C ps7_cortexa9_0/libsrc/scugic_v3_8/src -s include  "SHELL=CMD" "COMPILER=arm-none-eabi-gcc" "ARCHIVER=arm-none-eabi-ar" "COMPILER_FLAGS=  -O2 -c" "EXTRA_COMPILER_FLAGS=-mcpu=cortex-a9 -mfpu=vfpv3 -mfloat-abi=hard -nostartfiles -Wall -Wextra"
"Running Make include in ps7_cortexa9_0/libsrc/scutimer_v2_1/src"
make -C ps7_cortexa9_0/libsrc/scutimer_v2_1/src -s include  "SHELL=CMD" "COMPILER=arm-none-eabi-gcc" "ARCHIVER=arm-none-eabi-ar" "COMPILER_FLAGS=  -O2 -c" "EXTRA_COMPILER_FLAGS=-mcpu=cortex-a9 -mfpu=vfpv3 -mfloat-abi=hard -nostartfiles -Wall -Wextra"
"Running Make include in ps7_cortexa9_0/libsrc/scuwdt_v2_1/src"
make -C ps7_cortexa9_0/libsrc/scuwdt_v2_1/src -s include  "SHELL=CMD" "COMPILER=arm-none-eabi-gcc" "ARCHIVER=arm-none-eabi-ar" "COMPILER_FLAGS=  -O2 -c" "EXTRA_COMPILER_FLAGS=-mcpu=cortex-a9 -mfpu=vfpv3 -mfloat-abi=hard -nostartfiles -Wall -Wextra"
"Running Make include in ps7_cortexa9_0/libsrc/sdps_v3_3/src"
make -C ps7_cortexa9_0/libsrc/sdps_v3_3/src -s include  "SHELL=CMD" "COMPILER=arm-none-eabi-gcc" "ARCHIVER=arm-none-eabi-ar" "COMPILER_FLAGS=  -O2 -c" "EXTRA_COMPILER_FLAGS=-mcpu=cortex-a9 -mfpu=vfpv3 -mfloat-abi=hard -nostartfiles -Wall -Wextra"
"Running Make include in ps7_cortexa9_0/libsrc/standalone_v6_5/src"
make -C ps7_cortexa9_0/libsrc/standalone_v6_5/src -s include  "SHELL=CMD" "COMPILER=arm-none-eabi-gcc" "ARCHIVER=arm-none-eabi-ar" "COMPILER_FLAGS=  -O2 -c" "EXTRA_COMPILER_FLAGS=-mcpu=cortex-a9 -mfpu=vfpv3 -mfloat-abi=hard -nostartfiles -Wall -Wextra"
"Running Make include in ps7_cortexa9_0/libsrc/uartlite_v3_2/src"
make -C ps7_cortexa9_0/libsrc/uartlite_v3_2/src -s include  "SHELL=CMD" "COMPILER=arm-none-eabi-gcc" "ARCHIVER=arm-none-eabi-ar" "COMPILER_FLAGS=  -O2 -c" "EXTRA_COMPILER_FLAGS=-mcpu=cortex-a9 -mfpu=vfpv3 -mfloat-abi=hard -nostartfiles -Wall -Wextra"
"Running Make include in ps7_cortexa9_0/libsrc/uartps_v3_5/src"
make -C ps7_cortexa9_0/libsrc/uartps_v3_5/src -s include  "SHELL=CMD" "COMPILER=arm-none-eabi-gcc" "ARCHIVER=arm-none-eabi-ar" "COMPILER_FLAGS=  -O2 -c" "EXTRA_COMPILER_FLAGS=-mcpu=cortex-a9 -mfpu=vfpv3 -mfloat-abi=hard -nostartfiles -Wall -Wextra"
"Running Make include in ps7_cortexa9_0/libsrc/usbps_v2_4/src"
make -C ps7_cortexa9_0/libsrc/usbps_v2_4/src -s include  "SHELL=CMD" "COMPILER=arm-none-eabi-gcc" "ARCHIVER=arm-none-eabi-ar" "COMPILER_FLAGS=  -O2 -c" "EXTRA_COMPILER_FLAGS=-mcpu=cortex-a9 -mfpu=vfpv3 -mfloat-abi=hard -nostartfiles -Wall -Wextra"
"Running Make include in ps7_cortexa9_0/libsrc/xadcps_v2_2/src"
make -C ps7_cortexa9_0/libsrc/xadcps_v2_2/src -s include  "SHELL=CMD" "COMPILER=arm-none-eabi-gcc" "ARCHIVER=arm-none-eabi-ar" "COMPILER_FLAGS=  -O2 -c" "EXTRA_COMPILER_FLAGS=-mcpu=cortex-a9 -mfpu=vfpv3 -mfloat-abi=hard -nostartfiles -Wall -Wextra"
"Running Make libs in ps7_cortexa9_0/libsrc/axidma_v9_5/src"
make -C ps7_cortexa9_0/libsrc/axidma_v9_5/src -s libs  "SHELL=CMD" "COMPILER=arm-none-eabi-gcc" "ARCHIVER=arm-none-eabi-ar" "COMPILER_FLAGS=  -O2 -c" "EXTRA_COMPILER_FLAGS=-mcpu=cortex-a9 -mfpu=vfpv3 -mfloat-abi=hard -nostartfiles -Wall -Wextra"
"Compiling axidma"
arm-none-eabi-ar: creating ../../../lib/libxil.a
"Running Make libs in ps7_cortexa9_0/libsrc/coresightps_dcc_v1_4/src"
make -C ps7_cortexa9_0/libsrc/coresightps_dcc_v1_4/src -s libs  "SHELL=CMD" "COMPILER=arm-none-eabi-gcc" "ARCHIVER=arm-none-eabi-ar" "COMPILER_FLAGS=  -O2 -c" "EXTRA_COMPILER_FLAGS=-mcpu=cortex-a9 -mfpu=vfpv3 -mfloat-abi=hard -nostartfiles -Wall -Wextra"
"Compiling coresightps_dcc"
"Running Make libs in ps7_cortexa9_0/libsrc/cpu_cortexa9_v2_5/src"
make -C ps7_cortexa9_0/libsrc/cpu_cortexa9_v2_5/src -s libs  "SHELL=CMD" "COMPILER=arm-none-eabi-gcc" "ARCHIVER=arm-none-eabi-ar" "COMPILER_FLAGS=  -O2 -c" "EXTRA_COMPILER_FLAGS=-mcpu=cortex-a9 -mfpu=vfpv3 -mfloat-abi=hard -nostartfiles -Wall -Wextra"
"Compiling cpu_cortexa9"
"Running Make libs in ps7_cortexa9_0/libsrc/ddrps_v1_0/src"
make -C ps7_cortexa9_0/libsrc/ddrps_v1_0/src -s libs  "SHELL=CMD" "COMPILER=arm-none-eabi-gcc" "ARCHIVER=arm-none-eabi-ar" "COMPILER_FLAGS=  -O2 -c" "EXTRA_COMPILER_FLAGS=-mcpu=cortex-a9 -mfpu=vfpv3 -mfloat-abi=hard -nostartfiles -Wall -Wextra"
"Compiling ddrps"
"Running Make libs in ps7_cortexa9_0/libsrc/devcfg_v3_5/src"
make -C ps7_cortexa9_0/libsrc/devcfg_v3_5/src -s libs  "SHELL=CMD" "COMPILER=arm-none-eabi-gcc" "ARCHIVER=arm-none-eabi-ar" "COMPILER_FLAGS=  -O2 -c" "EXTRA_COMPILER_FLAGS=-mcpu=cortex-a9 -mfpu=vfpv3 -mfloat-abi=hard -nostartfiles -Wall -Wextra"
"Compiling devcfg"
"Running Make libs in ps7_cortexa9_0/libsrc/dmaps_v2_3/src"
make -C ps7_cortexa9_0/libsrc/dmaps_v2_3/src -s libs  "SHELL=CMD" "COMPILER=arm-none-eabi-gcc" "ARCHIVER=arm-none-eabi-ar" "COMPILER_FLAGS=  -O2 -c" "EXTRA_COMPILER_FLAGS=-mcpu=cortex-a9 -mfpu=vfpv3 -mfloat-abi=hard -nostartfiles -Wall -Wextra"
"Compiling dmaps"
"Running Make libs in ps7_cortexa9_0/libsrc/emacps_v3_6/src"
make -C ps7_cortexa9_0/libsrc/emacps_v3_6/src -s libs  "SHELL=CMD" "COMPILER=arm-none-eabi-gcc" "ARCHIVER=arm-none-eabi-ar" "COMPILER_FLAGS=  -O2 -c" "EXTRA_COMPILER_FLAGS=-mcpu=cortex-a9 -mfpu=vfpv3 -mfloat-abi=hard -nostartfiles -Wall -Wextra"
"Compiling emacps"
"Running Make libs in ps7_cortexa9_0/libsrc/gpio_v4_3/src"
make -C ps7_cortexa9_0/libsrc/gpio_v4_3/src -s libs  "SHELL=CMD" "COMPILER=arm-none-eabi-gcc" "ARCHIVER=arm-none-eabi-ar" "COMPILER_FLAGS=  -O2 -c" "EXTRA_COMPILER_FLAGS=-mcpu=cortex-a9 -mfpu=vfpv3 -mfloat-abi=hard -nostartfiles -Wall -Wextra"
"Compiling gpio"
"Running Make libs in ps7_cortexa9_0/libsrc/gpiops_v3_3/src"
make -C ps7_cortexa9_0/libsrc/gpiops_v3_3/src -s libs  "SHELL=CMD" "COMPILER=arm-none-eabi-gcc" "ARCHIVER=arm-none-eabi-ar" "COMPILER_FLAGS=  -O2 -c" "EXTRA_COMPILER_FLAGS=-mcpu=cortex-a9 -mfpu=vfpv3 -mfloat-abi=hard -nostartfiles -Wall -Wextra"
"Compiling gpiops"
"Running Make libs in ps7_cortexa9_0/libsrc/qspips_v3_4/src"
make -C ps7_cortexa9_0/libsrc/qspips_v3_4/src -s libs  "SHELL=CMD" "COMPILER=arm-none-eabi-gcc" "ARCHIVER=arm-none-eabi-ar" "COMPILER_FLAGS=  -O2 -c" "EXTRA_COMPILER_FLAGS=-mcpu=cortex-a9 -mfpu=vfpv3 -mfloat-abi=hard -nostartfiles -Wall -Wextra"
"Compiling qspips"
"Running Make libs in ps7_cortexa9_0/libsrc/scugic_v3_8/src"
make -C ps7_cortexa9_0/libsrc/scugic_v3_8/src -s libs  "SHELL=CMD" "COMPILER=arm-none-eabi-gcc" "ARCHIVER=arm-none-eabi-ar" "COMPILER_FLAGS=  -O2 -c" "EXTRA_COMPILER_FLAGS=-mcpu=cortex-a9 -mfpu=vfpv3 -mfloat-abi=hard -nostartfiles -Wall -Wextra"
"Compiling scugic"
"Running Make libs in ps7_cortexa9_0/libsrc/scutimer_v2_1/src"
make -C ps7_cortexa9_0/libsrc/scutimer_v2_1/src -s libs  "SHELL=CMD" "COMPILER=arm-none-eabi-gcc" "ARCHIVER=arm-none-eabi-ar" "COMPILER_FLAGS=  -O2 -c" "EXTRA_COMPILER_FLAGS=-mcpu=cortex-a9 -mfpu=vfpv3 -mfloat-abi=hard -nostartfiles -Wall -Wextra"
"Compiling scutimer"
"Running Make libs in ps7_cortexa9_0/libsrc/scuwdt_v2_1/src"
make -C ps7_cortexa9_0/libsrc/scuwdt_v2_1/src -s libs  "SHELL=CMD" "COMPILER=arm-none-eabi-gcc" "ARCHIVER=arm-none-eabi-ar" "COMPILER_FLAGS=  -O2 -c" "EXTRA_COMPILER_FLAGS=-mcpu=cortex-a9 -mfpu=vfpv3 -mfloat-abi=hard -nostartfiles -Wall -Wextra"
"Compiling scuwdt"
"Running Make libs in ps7_cortexa9_0/libsrc/sdps_v3_3/src"
make -C ps7_cortexa9_0/libsrc/sdps_v3_3/src -s libs  "SHELL=CMD" "COMPILER=arm-none-eabi-gcc" "ARCHIVER=arm-none-eabi-ar" "COMPILER_FLAGS=  -O2 -c" "EXTRA_COMPILER_FLAGS=-mcpu=cortex-a9 -mfpu=vfpv3 -mfloat-abi=hard -nostartfiles -Wall -Wextra"
"Compiling sdps"
"Running Make libs in ps7_cortexa9_0/libsrc/standalone_v6_5/src"
make -C ps7_cortexa9_0/libsrc/standalone_v6_5/src -s libs  "SHELL=CMD" "COMPILER=arm-none-eabi-gcc" "ARCHIVER=arm-none-eabi-ar" "COMPILER_FLAGS=  -O2 -c" "EXTRA_COMPILER_FLAGS=-mcpu=cortex-a9 -mfpu=vfpv3 -mfloat-abi=hard -nostartfiles -Wall -Wextra"
"Compiling standalone"
"Running Make libs in ps7_cortexa9_0/libsrc/uartlite_v3_2/src"
make -C ps7_cortexa9_0/libsrc/uartlite_v3_2/src -s libs  "SHELL=CMD" "COMPILER=arm-none-eabi-gcc" "ARCHIVER=arm-none-eabi-ar" "COMPILER_FLAGS=  -O2 -c" "EXTRA_COMPILER_FLAGS=-mcpu=cortex-a9 -mfpu=vfpv3 -mfloat-abi=hard -nostartfiles -Wall -Wextra"
"Compiling uartlite"
"Running Make libs in ps7_cortexa9_0/libsrc/uartps_v3_5/src"
make -C ps7_cortexa9_0/libsrc/uartps_v3_5/src -s libs  "SHELL=CMD" "COMPILER=arm-none-eabi-gcc" "ARCHIVER=arm-none-eabi-ar" "COMPILER_FLAGS=  -O2 -c" "EXTRA_COMPILER_FLAGS=-mcpu=cortex-a9 -mfpu=vfpv3 -mfloat-abi=hard -nostartfiles -Wall -Wextra"
"Compiling uartps"
"Running Make libs in ps7_cortexa9_0/libsrc/usbps_v2_4/src"
make -C ps7_cortexa9_0/libsrc/usbps_v2_4/src -s libs  "SHELL=CMD" "COMPILER=arm-none-eabi-gcc" "ARCHIVER=arm-none-eabi-ar" "COMPILER_FLAGS=  -O2 -c" "EXTRA_COMPILER_FLAGS=-mcpu=cortex-a9 -mfpu=vfpv3 -mfloat-abi=hard -nostartfiles -Wall -Wextra"
"Compiling usbps"
"Running Make libs in ps7_cortexa9_0/libsrc/xadcps_v2_2/src"
make -C ps7_cortexa9_0/libsrc/xadcps_v2_2/src -s libs  "SHELL=CMD" "COMPILER=arm-none-eabi-gcc" "ARCHIVER=arm-none-eabi-ar" "COMPILER_FLAGS=  -O2 -c" "EXTRA_COMPILER_FLAGS=-mcpu=cortex-a9 -mfpu=vfpv3 -mfloat-abi=hard -nostartfiles -Wall -Wextra"
"Compiling xadcps"
'Finished building libraries'
14:39:22 **** Auto Build of configuration Debug for project uartlite_test ****
make pre-build main-build 
a9-linaro-pre-build-step
' '
'Building file: ../src/platform.c'
'Invoking: ARM v7 gcc compiler'
arm-none-eabi-gcc -Wall -O0 -g3 -c -fmessage-length=0 -MT"src/platform.o" -mcpu=cortex-a9 -mfpu=vfpv3 -mfloat-abi=hard -I../../uartlite_test_bsp/ps7_cortexa9_0/include -MMD -MP -MF"src/platform.d" -MT"src/platform.o" -o "src/platform.o" "../src/platform.c"
'Finished building: ../src/platform.c'
' '
'Building file: ../src/uartlite_test.c'
'Invoking: ARM v7 gcc compiler'
arm-none-eabi-gcc -Wall -O0 -g3 -c -fmessage-length=0 -MT"src/uartlite_test.o" -mcpu=cortex-a9 -mfpu=vfpv3 -mfloat-abi=hard -I../../uartlite_test_bsp/ps7_cortexa9_0/include -MMD -MP -MF"src/uartlite_test.d" -MT"src/uartlite_test.o" -o "src/uartlite_test.o" "../src/uartlite_test.c"
../src/uartlite_test.c: In function 'main':
../src/uartlite_test.c:60:6: warning: unused variable 'IsrStatus' [-Wunused-variable]
  u32 IsrStatus;
      ^~~~~~~~~
'Finished building: ../src/uartlite_test.c'
' '
'Building target: uartlite_test.elf'
'Invoking: ARM v7 gcc linker'
arm-none-eabi-gcc -mcpu=cortex-a9 -mfpu=vfpv3 -mfloat-abi=hard -Wl,-build-id=none -specs=Xilinx.spec -Wl,-T -Wl,../src/lscript.ld -L../../uartlite_test_bsp/ps7_cortexa9_0/lib -o "uartlite_test.elf"  ./src/platform.o ./src/uartlite_test.o   -Wl,--start-group,-lxil,-lgcc,-lc,--end-group
'Finished building target: uartlite_test.elf'
' '
'Invoking: ARM v7 Print Size'
arm-none-eabi-size uartlite_test.elf  |tee "uartlite_test.elf.size"
   text	   data	    bss	    dec	    hex	filename
  30120	   2788	  24696	  57604	   e104	uartlite_test.elf
'Finished building: uartlite_test.elf.size'
' '
14:39:23 **** Auto Build of configuration Debug for project uartlite_test_bsp_xuartlite_intr_tapp_example_1 ****
make pre-build main-build 
a9-linaro-pre-build-step
' '
'Building file: ../src/xuartlite_intr_tapp_example.c'
'Invoking: ARM v7 gcc compiler'
arm-none-eabi-gcc -Wall -O0 -g3 -c -fmessage-length=0 -MT"src/xuartlite_intr_tapp_example.o" -mcpu=cortex-a9 -mfpu=vfpv3 -mfloat-abi=hard -I../../uartlite_test_bsp/ps7_cortexa9_0/include -MMD -MP -MF"src/xuartlite_intr_tapp_example.d" -MT"src/xuartlite_intr_tapp_example.o" -o "src/xuartlite_intr_tapp_example.o" "../src/xuartlite_intr_tapp_example.c"
'Finished building: ../src/xuartlite_intr_tapp_example.c'
' '
'Building target: uartlite_test_bsp_xuartlite_intr_tapp_example_1.elf'
'Invoking: ARM v7 gcc linker'
arm-none-eabi-gcc -mcpu=cortex-a9 -mfpu=vfpv3 -mfloat-abi=hard -Wl,-build-id=none -specs=Xilinx.spec -Wl,-T -Wl,../src/lscript.ld -L../../uartlite_test_bsp/ps7_cortexa9_0/lib -o "uartlite_test_bsp_xuartlite_intr_tapp_example_1.elf"  ./src/xuartlite_intr_tapp_example.o   -Wl,--start-group,-lxil,-lgcc,-lc,--end-group
'Finished building target: uartlite_test_bsp_xuartlite_intr_tapp_example_1.elf'
' '
'Invoking: ARM v7 Print Size'
arm-none-eabi-size uartlite_test_bsp_xuartlite_intr_tapp_example_1.elf  |tee "uartlite_test_bsp_xuartlite_intr_tapp_example_1.elf.size"
   text	   data	    bss	    dec	    hex	filename
  28532	   2740	  22776	  54048	   d320	uartlite_test_bsp_xuartlite_intr_tapp_example_1.elf
'Finished building: uartlite_test_bsp_xuartlite_intr_tapp_example_1.elf.size'
' '
14:39:28 **** Incremental Build of configuration Debug for project uartlite_test ****
make pre-build main-build 
a9-linaro-pre-build-step
' '
make: Nothing to be done for `main-build'.
14:39:44 **** Incremental Build of configuration Debug for project uartlite_test ****
make pre-build main-build 
a9-linaro-pre-build-step
' '
make: Nothing to be done for `main-build'.
14:42:54 **** Incremental Build of configuration Debug for project uartlite_test ****
make pre-build main-build 
a9-linaro-pre-build-step
' '
make: Nothing to be done for `main-build'.
14:42:54 **** Incremental Build of configuration Debug for project uartlite_test_bsp_xuartlite_intr_tapp_example_1 ****
make pre-build main-build 
a9-linaro-pre-build-step
' '
make: Nothing to be done for `main-build'.
14:42:58 **** Auto Build of configuration Debug for project uartlite_test ****
make pre-build main-build 
a9-linaro-pre-build-step
' '
'Building file: ../src/uartlite_test.c'
'Invoking: ARM v7 gcc compiler'
arm-none-eabi-gcc -Wall -O0 -g3 -c -fmessage-length=0 -MT"src/uartlite_test.o" -mcpu=cortex-a9 -mfpu=vfpv3 -mfloat-abi=hard -I../../uartlite_test_bsp/ps7_cortexa9_0/include -MMD -MP -MF"src/uartlite_test.d" -MT"src/uartlite_test.o" -o "src/uartlite_test.o" "../src/uartlite_test.c"
../src/uartlite_test.c: In function 'main':
../src/uartlite_test.c:60:6: warning: unused variable 'IsrStatus' [-Wunused-variable]
  u32 IsrStatus;
      ^~~~~~~~~
../src/uartlite_test.c: In function 'Handler':
../src/uartlite_test.c:221:2: warning: implicit declaration of function 'printf' [-Wimplicit-function-declaration]
  printf("x%", IsrStatus);
  ^~~~~~
../src/uartlite_test.c:221:2: warning: incompatible implicit declaration of built-in function 'printf'
../src/uartlite_test.c:221:2: note: include '<stdio.h>' or provide a declaration of 'printf'
../src/uartlite_test.c:221:11: warning: spurious trailing '%' in format [-Wformat=]
  printf("x%", IsrStatus);
           ^
../src/uartlite_test.c:221:9: warning: too many arguments for format [-Wformat-extra-args]
  printf("x%", IsrStatus);
         ^~~~
'Finished building: ../src/uartlite_test.c'
' '
'Building target: uartlite_test.elf'
'Invoking: ARM v7 gcc linker'
arm-none-eabi-gcc -mcpu=cortex-a9 -mfpu=vfpv3 -mfloat-abi=hard -Wl,-build-id=none -specs=Xilinx.spec -Wl,-T -Wl,../src/lscript.ld -L../../uartlite_test_bsp/ps7_cortexa9_0/lib -o "uartlite_test.elf"  ./src/platform.o ./src/uartlite_test.o   -Wl,--start-group,-lxil,-lgcc,-lc,--end-group
'Finished building target: uartlite_test.elf'
' '
'Invoking: ARM v7 Print Size'
arm-none-eabi-size uartlite_test.elf  |tee "uartlite_test.elf.size"
   text	   data	    bss	    dec	    hex	filename
  81232	   4220	  25456	 110908	  1b13c	uartlite_test.elf
'Finished building: uartlite_test.elf.size'
' '
14:43:02 **** Incremental Build of configuration Debug for project uartlite_test ****
make pre-build main-build 
a9-linaro-pre-build-step
' '
make: Nothing to be done for `main-build'.
14:44:21 **** Auto Build of configuration Debug for project uartlite_test ****
make pre-build main-build 
a9-linaro-pre-build-step
' '
'Building file: ../src/uartlite_test.c'
'Invoking: ARM v7 gcc compiler'
arm-none-eabi-gcc -Wall -O0 -g3 -c -fmessage-length=0 -MT"src/uartlite_test.o" -mcpu=cortex-a9 -mfpu=vfpv3 -mfloat-abi=hard -I../../uartlite_test_bsp/ps7_cortexa9_0/include -MMD -MP -MF"src/uartlite_test.d" -MT"src/uartlite_test.o" -o "src/uartlite_test.o" "../src/uartlite_test.c"
../src/uartlite_test.c: In function 'main':
../src/uartlite_test.c:60:6: warning: unused variable 'IsrStatus' [-Wunused-variable]
  u32 IsrStatus;
      ^~~~~~~~~
../src/uartlite_test.c: In function 'Handler':
../src/uartlite_test.c:221:2: warning: implicit declaration of function 'printf' [-Wimplicit-function-declaration]
  printf("%x", IsrStatus);
  ^~~~~~
../src/uartlite_test.c:221:2: warning: incompatible implicit declaration of built-in function 'printf'
../src/uartlite_test.c:221:2: note: include '<stdio.h>' or provide a declaration of 'printf'
../src/uartlite_test.c:221:11: warning: format '%x' expects argument of type 'unsigned int', but argument 2 has type 'u32 {aka long unsigned int}' [-Wformat=]
  printf("%x", IsrStatus);
           ^
'Finished building: ../src/uartlite_test.c'
' '
'Building target: uartlite_test.elf'
'Invoking: ARM v7 gcc linker'
arm-none-eabi-gcc -mcpu=cortex-a9 -mfpu=vfpv3 -mfloat-abi=hard -Wl,-build-id=none -specs=Xilinx.spec -Wl,-T -Wl,../src/lscript.ld -L../../uartlite_test_bsp/ps7_cortexa9_0/lib -o "uartlite_test.elf"  ./src/platform.o ./src/uartlite_test.o   -Wl,--start-group,-lxil,-lgcc,-lc,--end-group
'Finished building target: uartlite_test.elf'
' '
'Invoking: ARM v7 Print Size'
arm-none-eabi-size uartlite_test.elf  |tee "uartlite_test.elf.size"
   text	   data	    bss	    dec	    hex	filename
  81232	   4220	  25456	 110908	  1b13c	uartlite_test.elf
'Finished building: uartlite_test.elf.size'
' '
14:44:26 **** Incremental Build of configuration Debug for project uartlite_test ****
make pre-build main-build 
a9-linaro-pre-build-step
' '
make: Nothing to be done for `main-build'.
14:44:44 **** Auto Build of configuration Debug for project uartlite_test ****
make pre-build main-build 
a9-linaro-pre-build-step
' '
'Building file: ../src/uartlite_test.c'
'Invoking: ARM v7 gcc compiler'
arm-none-eabi-gcc -Wall -O0 -g3 -c -fmessage-length=0 -MT"src/uartlite_test.o" -mcpu=cortex-a9 -mfpu=vfpv3 -mfloat-abi=hard -I../../uartlite_test_bsp/ps7_cortexa9_0/include -MMD -MP -MF"src/uartlite_test.d" -MT"src/uartlite_test.o" -o "src/uartlite_test.o" "../src/uartlite_test.c"
../src/uartlite_test.c: In function 'main':
../src/uartlite_test.c:60:6: warning: unused variable 'IsrStatus' [-Wunused-variable]
  u32 IsrStatus;
      ^~~~~~~~~
'Finished building: ../src/uartlite_test.c'
' '
'Building target: uartlite_test.elf'
'Invoking: ARM v7 gcc linker'
arm-none-eabi-gcc -mcpu=cortex-a9 -mfpu=vfpv3 -mfloat-abi=hard -Wl,-build-id=none -specs=Xilinx.spec -Wl,-T -Wl,../src/lscript.ld -L../../uartlite_test_bsp/ps7_cortexa9_0/lib -o "uartlite_test.elf"  ./src/platform.o ./src/uartlite_test.o   -Wl,--start-group,-lxil,-lgcc,-lc,--end-group
'Finished building target: uartlite_test.elf'
' '
'Invoking: ARM v7 Print Size'
arm-none-eabi-size uartlite_test.elf  |tee "uartlite_test.elf.size"
   text	   data	    bss	    dec	    hex	filename
  30120	   2788	  24696	  57604	   e104	uartlite_test.elf
'Finished building: uartlite_test.elf.size'
' '
14:44:49 **** Incremental Build of configuration Debug for project uartlite_test ****
make pre-build main-build 
a9-linaro-pre-build-step
' '
make: Nothing to be done for `main-build'.
14:45:40 **** Incremental Build of configuration Debug for project uartlite_test ****
make pre-build main-build 
a9-linaro-pre-build-step
' '
make: Nothing to be done for `main-build'.
14:46:02 **** Incremental Build of configuration Debug for project uartlite_test ****
make pre-build main-build 
a9-linaro-pre-build-step
' '
make: Nothing to be done for `main-build'.
14:46:21 **** Incremental Build of configuration Debug for project uartlite_test ****
make pre-build main-build 
a9-linaro-pre-build-step
' '
make: Nothing to be done for `main-build'.
14:46:33 **** Incremental Build of configuration Debug for project uartlite_test ****
make pre-build main-build 
a9-linaro-pre-build-step
' '
make: Nothing to be done for `main-build'.
14:47:11 **** Incremental Build of configuration Debug for project uartlite_test ****
make pre-build main-build 
a9-linaro-pre-build-step
' '
'Building file: ../src/uartlite_test.c'
'Invoking: ARM v7 gcc compiler'
arm-none-eabi-gcc -Wall -O0 -g3 -c -fmessage-length=0 -MT"src/uartlite_test.o" -mcpu=cortex-a9 -mfpu=vfpv3 -mfloat-abi=hard -I../../uartlite_test_bsp/ps7_cortexa9_0/include -MMD -MP -MF"src/uartlite_test.d" -MT"src/uartlite_test.o" -o "src/uartlite_test.o" "../src/uartlite_test.c"
../src/uartlite_test.c: In function 'main':
../src/uartlite_test.c:60:6: warning: unused variable 'IsrStatus' [-Wunused-variable]
  u32 IsrStatus;
      ^~~~~~~~~
../src/uartlite_test.c: In function 'Handler':
../src/uartlite_test.c:221:2: warning: implicit declaration of function 'printf' [-Wimplicit-function-declaration]
  printf("%x", IsrStatus);
  ^~~~~~
../src/uartlite_test.c:221:2: warning: incompatible implicit declaration of built-in function 'printf'
../src/uartlite_test.c:221:2: note: include '<stdio.h>' or provide a declaration of 'printf'
../src/uartlite_test.c:221:11: warning: format '%x' expects argument of type 'unsigned int', but argument 2 has type 'u32 {aka long unsigned int}' [-Wformat=]
  printf("%x", IsrStatus);
           ^
'Finished building: ../src/uartlite_test.c'
' '
'Building target: uartlite_test.elf'
'Invoking: ARM v7 gcc linker'
arm-none-eabi-gcc -mcpu=cortex-a9 -mfpu=vfpv3 -mfloat-abi=hard -Wl,-build-id=none -specs=Xilinx.spec -Wl,-T -Wl,../src/lscript.ld -L../../uartlite_test_bsp/ps7_cortexa9_0/lib -o "uartlite_test.elf"  ./src/platform.o ./src/uartlite_test.o   -Wl,--start-group,-lxil,-lgcc,-lc,--end-group
'Finished building target: uartlite_test.elf'
' '
'Invoking: ARM v7 Print Size'
arm-none-eabi-size uartlite_test.elf  |tee "uartlite_test.elf.size"
   text	   data	    bss	    dec	    hex	filename
  81232	   4220	  25456	 110908	  1b13c	uartlite_test.elf
'Finished building: uartlite_test.elf.size'
' '
14:48:14 **** Incremental Build of configuration Debug for project uartlite_test ****
make pre-build main-build 
a9-linaro-pre-build-step
' '
make: Nothing to be done for `main-build'.
14:49:11 **** Auto Build of configuration Debug for project uartlite_test ****
make pre-build main-build 
a9-linaro-pre-build-step
' '
'Building file: ../src/uartlite_test.c'
'Invoking: ARM v7 gcc compiler'
arm-none-eabi-gcc -Wall -O0 -g3 -c -fmessage-length=0 -MT"src/uartlite_test.o" -mcpu=cortex-a9 -mfpu=vfpv3 -mfloat-abi=hard -I../../uartlite_test_bsp/ps7_cortexa9_0/include -MMD -MP -MF"src/uartlite_test.d" -MT"src/uartlite_test.o" -o "src/uartlite_test.o" "../src/uartlite_test.c"
../src/uartlite_test.c: In function 'main':
../src/uartlite_test.c:60:6: warning: unused variable 'IsrStatus' [-Wunused-variable]
  u32 IsrStatus;
      ^~~~~~~~~
../src/uartlite_test.c: In function 'Handler':
../src/uartlite_test.c:221:2: warning: implicit declaration of function 'printf' [-Wimplicit-function-declaration]
  printf("%x\n", IsrStatus);
  ^~~~~~
../src/uartlite_test.c:221:2: warning: incompatible implicit declaration of built-in function 'printf'
../src/uartlite_test.c:221:2: note: include '<stdio.h>' or provide a declaration of 'printf'
../src/uartlite_test.c:221:11: warning: format '%x' expects argument of type 'unsigned int', but argument 2 has type 'u32 {aka long unsigned int}' [-Wformat=]
  printf("%x\n", IsrStatus);
           ^
'Finished building: ../src/uartlite_test.c'
' '
'Building target: uartlite_test.elf'
'Invoking: ARM v7 gcc linker'
arm-none-eabi-gcc -mcpu=cortex-a9 -mfpu=vfpv3 -mfloat-abi=hard -Wl,-build-id=none -specs=Xilinx.spec -Wl,-T -Wl,../src/lscript.ld -L../../uartlite_test_bsp/ps7_cortexa9_0/lib -o "uartlite_test.elf"  ./src/platform.o ./src/uartlite_test.o   -Wl,--start-group,-lxil,-lgcc,-lc,--end-group
'Finished building target: uartlite_test.elf'
' '
'Invoking: ARM v7 Print Size'
arm-none-eabi-size uartlite_test.elf  |tee "uartlite_test.elf.size"
   text	   data	    bss	    dec	    hex	filename
  81232	   4220	  25456	 110908	  1b13c	uartlite_test.elf
'Finished building: uartlite_test.elf.size'
' '
14:49:21 **** Incremental Build of configuration Debug for project uartlite_test ****
make pre-build main-build 
a9-linaro-pre-build-step
' '
make: Nothing to be done for `main-build'.
14:50:02 **** Incremental Build of configuration Debug for project uartlite_test ****
make pre-build main-build 
a9-linaro-pre-build-step
' '
make: Nothing to be done for `main-build'.
14:52:15 **** Auto Build of configuration Debug for project uartlite_test ****
make pre-build main-build 
a9-linaro-pre-build-step
' '
'Building file: ../src/uartlite_test.c'
'Invoking: ARM v7 gcc compiler'
arm-none-eabi-gcc -Wall -O0 -g3 -c -fmessage-length=0 -MT"src/uartlite_test.o" -mcpu=cortex-a9 -mfpu=vfpv3 -mfloat-abi=hard -I../../uartlite_test_bsp/ps7_cortexa9_0/include -MMD -MP -MF"src/uartlite_test.d" -MT"src/uartlite_test.o" -o "src/uartlite_test.o" "../src/uartlite_test.c"
../src/uartlite_test.c: In function 'main':
../src/uartlite_test.c:60:6: warning: unused variable 'IsrStatus' [-Wunused-variable]
  u32 IsrStatus;
      ^~~~~~~~~
../src/uartlite_test.c: In function 'Handler':
../src/uartlite_test.c:221:2: warning: implicit declaration of function 'printf' [-Wimplicit-function-declaration]
  printf("%x\n", IsrStatus);
  ^~~~~~
../src/uartlite_test.c:221:2: warning: incompatible implicit declaration of built-in function 'printf'
../src/uartlite_test.c:221:2: note: include '<stdio.h>' or provide a declaration of 'printf'
../src/uartlite_test.c:221:11: warning: format '%x' expects argument of type 'unsigned int', but argument 2 has type 'u32 {aka long unsigned int}' [-Wformat=]
  printf("%x\n", IsrStatus);
           ^
'Finished building: ../src/uartlite_test.c'
' '
'Building target: uartlite_test.elf'
'Invoking: ARM v7 gcc linker'
arm-none-eabi-gcc -mcpu=cortex-a9 -mfpu=vfpv3 -mfloat-abi=hard -Wl,-build-id=none -specs=Xilinx.spec -Wl,-T -Wl,../src/lscript.ld -L../../uartlite_test_bsp/ps7_cortexa9_0/lib -o "uartlite_test.elf"  ./src/platform.o ./src/uartlite_test.o   -Wl,--start-group,-lxil,-lgcc,-lc,--end-group
'Finished building target: uartlite_test.elf'
' '
'Invoking: ARM v7 Print Size'
arm-none-eabi-size uartlite_test.elf  |tee "uartlite_test.elf.size"
   text	   data	    bss	    dec	    hex	filename
  81104	   4220	  25456	 110780	  1b0bc	uartlite_test.elf
'Finished building: uartlite_test.elf.size'
' '
14:52:21 **** Incremental Build of configuration Debug for project uartlite_test ****
make pre-build main-build 
a9-linaro-pre-build-step
' '
make: Nothing to be done for `main-build'.
14:54:20 **** Auto Build of configuration Debug for project uartlite_test ****
make pre-build main-build 
a9-linaro-pre-build-step
' '
'Building file: ../src/uartlite_test.c'
'Invoking: ARM v7 gcc compiler'
arm-none-eabi-gcc -Wall -O0 -g3 -c -fmessage-length=0 -MT"src/uartlite_test.o" -mcpu=cortex-a9 -mfpu=vfpv3 -mfloat-abi=hard -I../../uartlite_test_bsp/ps7_cortexa9_0/include -MMD -MP -MF"src/uartlite_test.d" -MT"src/uartlite_test.o" -o "src/uartlite_test.o" "../src/uartlite_test.c"
../src/uartlite_test.c: In function 'main':
../src/uartlite_test.c:60:6: warning: unused variable 'IsrStatus' [-Wunused-variable]
  u32 IsrStatus;
      ^~~~~~~~~
../src/uartlite_test.c: In function 'Handler':
../src/uartlite_test.c:221:2: warning: implicit declaration of function 'printf' [-Wimplicit-function-declaration]
  printf("%x\n", IsrStatus);
  ^~~~~~
../src/uartlite_test.c:221:2: warning: incompatible implicit declaration of built-in function 'printf'
../src/uartlite_test.c:221:2: note: include '<stdio.h>' or provide a declaration of 'printf'
../src/uartlite_test.c:221:11: warning: format '%x' expects argument of type 'unsigned int', but argument 2 has type 'u32 {aka long unsigned int}' [-Wformat=]
  printf("%x\n", IsrStatus);
           ^
'Finished building: ../src/uartlite_test.c'
' '
'Building target: uartlite_test.elf'
'Invoking: ARM v7 gcc linker'
arm-none-eabi-gcc -mcpu=cortex-a9 -mfpu=vfpv3 -mfloat-abi=hard -Wl,-build-id=none -specs=Xilinx.spec -Wl,-T -Wl,../src/lscript.ld -L../../uartlite_test_bsp/ps7_cortexa9_0/lib -o "uartlite_test.elf"  ./src/platform.o ./src/uartlite_test.o   -Wl,--start-group,-lxil,-lgcc,-lc,--end-group
'Finished building target: uartlite_test.elf'
' '
'Invoking: ARM v7 Print Size'
arm-none-eabi-size uartlite_test.elf  |tee "uartlite_test.elf.size"
   text	   data	    bss	    dec	    hex	filename
  81104	   4220	  25456	 110780	  1b0bc	uartlite_test.elf
'Finished building: uartlite_test.elf.size'
' '
14:54:25 **** Incremental Build of configuration Debug for project uartlite_test ****
make pre-build main-build 
a9-linaro-pre-build-step
' '
make: Nothing to be done for `main-build'.
15:12:36 **** Auto Build of configuration Debug for project uartlite_test ****
make pre-build main-build 
a9-linaro-pre-build-step
' '
'Building file: ../src/uartlite_test.c'
'Invoking: ARM v7 gcc compiler'
arm-none-eabi-gcc -Wall -O0 -g3 -c -fmessage-length=0 -MT"src/uartlite_test.o" -mcpu=cortex-a9 -mfpu=vfpv3 -mfloat-abi=hard -I../../uartlite_test_bsp/ps7_cortexa9_0/include -MMD -MP -MF"src/uartlite_test.d" -MT"src/uartlite_test.o" -o "src/uartlite_test.o" "../src/uartlite_test.c"
../src/uartlite_test.c: In function 'main':
../src/uartlite_test.c:117:4: error: too many arguments to function 'print'
    print("%d\n", ReceivedFlag);
    ^~~~~
In file included from ../../uartlite_test_bsp/ps7_cortexa9_0/include/xil_io.h:65:0,
                 from ../../uartlite_test_bsp/ps7_cortexa9_0/include/xaxidma_hw.h:67,
                 from ../../uartlite_test_bsp/ps7_cortexa9_0/include/xaxidma_bd.h:117,
                 from ../../uartlite_test_bsp/ps7_cortexa9_0/include/xaxidma_bdring.h:86,
                 from ../../uartlite_test_bsp/ps7_cortexa9_0/include/xaxidma.h:488,
                 from ../src/uartlite_test.c:8:
../../uartlite_test_bsp/ps7_cortexa9_0/include/xil_printf.h:36:6: note: declared here
 void print( const char8 *ptr);
      ^~~~~
../src/uartlite_test.c:60:6: warning: unused variable 'IsrStatus' [-Wunused-variable]
  u32 IsrStatus;
      ^~~~~~~~~
../src/uartlite_test.c: In function 'Handler':
../src/uartlite_test.c:223:2: warning: implicit declaration of function 'printf' [-Wimplicit-function-declaration]
  printf("%x\n", IsrStatus);
  ^~~~~~
../src/uartlite_test.c:223:2: warning: incompatible implicit declaration of built-in function 'printf'
../src/uartlite_test.c:223:2: note: include '<stdio.h>' or provide a declaration of 'printf'
../src/uartlite_test.c:223:11: warning: format '%x' expects argument of type 'unsigned int', but argument 2 has type 'u32 {aka long unsigned int}' [-Wformat=]
  printf("%x\n", IsrStatus);
           ^
make: *** [src/uartlite_test.o] ¥ÌŒÛ 1
15:12:46 **** Auto Build of configuration Debug for project uartlite_test ****
make pre-build main-build 
a9-linaro-pre-build-step
' '
'Building file: ../src/uartlite_test.c'
'Invoking: ARM v7 gcc compiler'
arm-none-eabi-gcc -Wall -O0 -g3 -c -fmessage-length=0 -MT"src/uartlite_test.o" -mcpu=cortex-a9 -mfpu=vfpv3 -mfloat-abi=hard -I../../uartlite_test_bsp/ps7_cortexa9_0/include -MMD -MP -MF"src/uartlite_test.d" -MT"src/uartlite_test.o" -o "src/uartlite_test.o" "../src/uartlite_test.c"
../src/uartlite_test.c: In function 'main':
../src/uartlite_test.c:117:4: warning: implicit declaration of function 'printf' [-Wimplicit-function-declaration]
    printf("%d\n", ReceivedFlag);
    ^~~~~~
../src/uartlite_test.c:117:4: warning: incompatible implicit declaration of built-in function 'printf'
../src/uartlite_test.c:117:4: note: include '<stdio.h>' or provide a declaration of 'printf'
../src/uartlite_test.c:117:13: warning: format '%d' expects argument of type 'int', but argument 2 has type 'u32 {aka volatile long unsigned int}' [-Wformat=]
    printf("%d\n", ReceivedFlag);
             ^
../src/uartlite_test.c:60:6: warning: unused variable 'IsrStatus' [-Wunused-variable]
  u32 IsrStatus;
      ^~~~~~~~~
../src/uartlite_test.c: In function 'Handler':
../src/uartlite_test.c:223:2: warning: incompatible implicit declaration of built-in function 'printf'
  printf("%x\n", IsrStatus);
  ^~~~~~
../src/uartlite_test.c:223:2: note: include '<stdio.h>' or provide a declaration of 'printf'
../src/uartlite_test.c:223:11: warning: format '%x' expects argument of type 'unsigned int', but argument 2 has type 'u32 {aka long unsigned int}' [-Wformat=]
  printf("%x\n", IsrStatus);
           ^
../src/uartlite_test.c: In function 'main':
../src/uartlite_test.c:101:2: warning: 'SendBufferPtr' may be used uninitialized in this function [-Wmaybe-uninitialized]
  XUartLite_Send(&Uartlite, SendBufferPtr, SendByteNum);
  ^~~~~~~~~~~~~~~~~~~~~~~~~~~~~~~~~~~~~~~~~~~~~~~~~~~~~
../src/uartlite_test.c:101:2: warning: 'SendByteNum' may be used uninitialized in this function [-Wmaybe-uninitialized]
'Finished building: ../src/uartlite_test.c'
' '
'Building target: uartlite_test.elf'
'Invoking: ARM v7 gcc linker'
arm-none-eabi-gcc -mcpu=cortex-a9 -mfpu=vfpv3 -mfloat-abi=hard -Wl,-build-id=none -specs=Xilinx.spec -Wl,-T -Wl,../src/lscript.ld -L../../uartlite_test_bsp/ps7_cortexa9_0/lib -o "uartlite_test.elf"  ./src/platform.o ./src/uartlite_test.o   -Wl,--start-group,-lxil,-lgcc,-lc,--end-group
'Finished building target: uartlite_test.elf'
' '
'Invoking: ARM v7 Print Size'
arm-none-eabi-size uartlite_test.elf  |tee "uartlite_test.elf.size"
   text	   data	    bss	    dec	    hex	filename
  81168	   4220	  25456	 110844	  1b0fc	uartlite_test.elf
'Finished building: uartlite_test.elf.size'
' '
15:12:59 **** Incremental Build of configuration Debug for project uartlite_test ****
make pre-build main-build 
a9-linaro-pre-build-step
' '
make: Nothing to be done for `main-build'.
15:13:56 **** Auto Build of configuration Debug for project uartlite_test ****
make pre-build main-build 
a9-linaro-pre-build-step
' '
'Building file: ../src/uartlite_test.c'
'Invoking: ARM v7 gcc compiler'
arm-none-eabi-gcc -Wall -O0 -g3 -c -fmessage-length=0 -MT"src/uartlite_test.o" -mcpu=cortex-a9 -mfpu=vfpv3 -mfloat-abi=hard -I../../uartlite_test_bsp/ps7_cortexa9_0/include -MMD -MP -MF"src/uartlite_test.d" -MT"src/uartlite_test.o" -o "src/uartlite_test.o" "../src/uartlite_test.c"
../src/uartlite_test.c: In function 'main':
../src/uartlite_test.c:60:6: warning: unused variable 'IsrStatus' [-Wunused-variable]
  u32 IsrStatus;
      ^~~~~~~~~
../src/uartlite_test.c:101:2: warning: 'SendBufferPtr' may be used uninitialized in this function [-Wmaybe-uninitialized]
  XUartLite_Send(&Uartlite, SendBufferPtr, SendByteNum);
  ^~~~~~~~~~~~~~~~~~~~~~~~~~~~~~~~~~~~~~~~~~~~~~~~~~~~~
../src/uartlite_test.c:101:2: warning: 'SendByteNum' may be used uninitialized in this function [-Wmaybe-uninitialized]
'Finished building: ../src/uartlite_test.c'
' '
'Building target: uartlite_test.elf'
'Invoking: ARM v7 gcc linker'
arm-none-eabi-gcc -mcpu=cortex-a9 -mfpu=vfpv3 -mfloat-abi=hard -Wl,-build-id=none -specs=Xilinx.spec -Wl,-T -Wl,../src/lscript.ld -L../../uartlite_test_bsp/ps7_cortexa9_0/lib -o "uartlite_test.elf"  ./src/platform.o ./src/uartlite_test.o   -Wl,--start-group,-lxil,-lgcc,-lc,--end-group
'Finished building target: uartlite_test.elf'
' '
'Invoking: ARM v7 Print Size'
arm-none-eabi-size uartlite_test.elf  |tee "uartlite_test.elf.size"
   text	   data	    bss	    dec	    hex	filename
  29980	   2788	  24696	  57464	   e078	uartlite_test.elf
'Finished building: uartlite_test.elf.size'
' '
15:14:02 **** Incremental Build of configuration Debug for project uartlite_test ****
make pre-build main-build 
a9-linaro-pre-build-step
' '
make: Nothing to be done for `main-build'.
15:14:37 **** Auto Build of configuration Debug for project uartlite_test ****
make pre-build main-build 
a9-linaro-pre-build-step
' '
'Building file: ../src/uartlite_test.c'
'Invoking: ARM v7 gcc compiler'
arm-none-eabi-gcc -Wall -O0 -g3 -c -fmessage-length=0 -MT"src/uartlite_test.o" -mcpu=cortex-a9 -mfpu=vfpv3 -mfloat-abi=hard -I../../uartlite_test_bsp/ps7_cortexa9_0/include -MMD -MP -MF"src/uartlite_test.d" -MT"src/uartlite_test.o" -o "src/uartlite_test.o" "../src/uartlite_test.c"
../src/uartlite_test.c: In function 'main':
../src/uartlite_test.c:125:5: warning: implicit declaration of function 'printf' [-Wimplicit-function-declaration]
     printf("%d\n", ReceivedFlag);
     ^~~~~~
../src/uartlite_test.c:125:5: warning: incompatible implicit declaration of built-in function 'printf'
../src/uartlite_test.c:125:5: note: include '<stdio.h>' or provide a declaration of 'printf'
../src/uartlite_test.c:125:14: warning: format '%d' expects argument of type 'int', but argument 2 has type 'u32 {aka volatile long unsigned int}' [-Wformat=]
     printf("%d\n", ReceivedFlag);
              ^
../src/uartlite_test.c:60:6: warning: unused variable 'IsrStatus' [-Wunused-variable]
  u32 IsrStatus;
      ^~~~~~~~~
../src/uartlite_test.c:101:2: warning: 'SendBufferPtr' may be used uninitialized in this function [-Wmaybe-uninitialized]
  XUartLite_Send(&Uartlite, SendBufferPtr, SendByteNum);
  ^~~~~~~~~~~~~~~~~~~~~~~~~~~~~~~~~~~~~~~~~~~~~~~~~~~~~
../src/uartlite_test.c:101:2: warning: 'SendByteNum' may be used uninitialized in this function [-Wmaybe-uninitialized]
'Finished building: ../src/uartlite_test.c'
' '
'Building target: uartlite_test.elf'
'Invoking: ARM v7 gcc linker'
arm-none-eabi-gcc -mcpu=cortex-a9 -mfpu=vfpv3 -mfloat-abi=hard -Wl,-build-id=none -specs=Xilinx.spec -Wl,-T -Wl,../src/lscript.ld -L../../uartlite_test_bsp/ps7_cortexa9_0/lib -o "uartlite_test.elf"  ./src/platform.o ./src/uartlite_test.o   -Wl,--start-group,-lxil,-lgcc,-lc,--end-group
'Finished building target: uartlite_test.elf'
' '
'Invoking: ARM v7 Print Size'
arm-none-eabi-size uartlite_test.elf  |tee "uartlite_test.elf.size"
   text	   data	    bss	    dec	    hex	filename
  81088	   4220	  25456	 110764	  1b0ac	uartlite_test.elf
'Finished building: uartlite_test.elf.size'
' '
15:14:41 **** Incremental Build of configuration Debug for project uartlite_test ****
make pre-build main-build 
a9-linaro-pre-build-step
' '
make: Nothing to be done for `main-build'.
15:15:12 **** Auto Build of configuration Debug for project uartlite_test ****
make pre-build main-build 
a9-linaro-pre-build-step
' '
'Building file: ../src/uartlite_test.c'
'Invoking: ARM v7 gcc compiler'
arm-none-eabi-gcc -Wall -O0 -g3 -c -fmessage-length=0 -MT"src/uartlite_test.o" -mcpu=cortex-a9 -mfpu=vfpv3 -mfloat-abi=hard -I../../uartlite_test_bsp/ps7_cortexa9_0/include -MMD -MP -MF"src/uartlite_test.d" -MT"src/uartlite_test.o" -o "src/uartlite_test.o" "../src/uartlite_test.c"
../src/uartlite_test.c: In function 'main':
../src/uartlite_test.c:118:5: warning: implicit declaration of function 'printf' [-Wimplicit-function-declaration]
    {printf("%d\n", ReceivedFlag);
     ^~~~~~
../src/uartlite_test.c:118:5: warning: incompatible implicit declaration of built-in function 'printf'
../src/uartlite_test.c:118:5: note: include '<stdio.h>' or provide a declaration of 'printf'
../src/uartlite_test.c:118:14: warning: format '%d' expects argument of type 'int', but argument 2 has type 'u32 {aka volatile long unsigned int}' [-Wformat=]
    {printf("%d\n", ReceivedFlag);
              ^
../src/uartlite_test.c:60:6: warning: unused variable 'IsrStatus' [-Wunused-variable]
  u32 IsrStatus;
      ^~~~~~~~~
../src/uartlite_test.c:101:2: warning: 'SendBufferPtr' may be used uninitialized in this function [-Wmaybe-uninitialized]
  XUartLite_Send(&Uartlite, SendBufferPtr, SendByteNum);
  ^~~~~~~~~~~~~~~~~~~~~~~~~~~~~~~~~~~~~~~~~~~~~~~~~~~~~
../src/uartlite_test.c:101:2: warning: 'SendByteNum' may be used uninitialized in this function [-Wmaybe-uninitialized]
'Finished building: ../src/uartlite_test.c'
' '
'Building target: uartlite_test.elf'
'Invoking: ARM v7 gcc linker'
arm-none-eabi-gcc -mcpu=cortex-a9 -mfpu=vfpv3 -mfloat-abi=hard -Wl,-build-id=none -specs=Xilinx.spec -Wl,-T -Wl,../src/lscript.ld -L../../uartlite_test_bsp/ps7_cortexa9_0/lib -o "uartlite_test.elf"  ./src/platform.o ./src/uartlite_test.o   -Wl,--start-group,-lxil,-lgcc,-lc,--end-group
'Finished building target: uartlite_test.elf'
' '
'Invoking: ARM v7 Print Size'
arm-none-eabi-size uartlite_test.elf  |tee "uartlite_test.elf.size"
   text	   data	    bss	    dec	    hex	filename
  81088	   4220	  25456	 110764	  1b0ac	uartlite_test.elf
'Finished building: uartlite_test.elf.size'
' '
15:15:23 **** Auto Build of configuration Debug for project uartlite_test ****
make pre-build main-build 
a9-linaro-pre-build-step
' '
'Building file: ../src/uartlite_test.c'
'Invoking: ARM v7 gcc compiler'
arm-none-eabi-gcc -Wall -O0 -g3 -c -fmessage-length=0 -MT"src/uartlite_test.o" -mcpu=cortex-a9 -mfpu=vfpv3 -mfloat-abi=hard -I../../uartlite_test_bsp/ps7_cortexa9_0/include -MMD -MP -MF"src/uartlite_test.d" -MT"src/uartlite_test.o" -o "src/uartlite_test.o" "../src/uartlite_test.c"
../src/uartlite_test.c: In function 'main':
../src/uartlite_test.c:118:5: warning: implicit declaration of function 'printf' [-Wimplicit-function-declaration]
    {printf("%d\n", ReceivedByteNum);
     ^~~~~~
../src/uartlite_test.c:118:5: warning: incompatible implicit declaration of built-in function 'printf'
../src/uartlite_test.c:118:5: note: include '<stdio.h>' or provide a declaration of 'printf'
../src/uartlite_test.c:118:14: warning: format '%d' expects argument of type 'int', but argument 2 has type 'u32 {aka volatile long unsigned int}' [-Wformat=]
    {printf("%d\n", ReceivedByteNum);
              ^
../src/uartlite_test.c:60:6: warning: unused variable 'IsrStatus' [-Wunused-variable]
  u32 IsrStatus;
      ^~~~~~~~~
../src/uartlite_test.c:101:2: warning: 'SendBufferPtr' may be used uninitialized in this function [-Wmaybe-uninitialized]
  XUartLite_Send(&Uartlite, SendBufferPtr, SendByteNum);
  ^~~~~~~~~~~~~~~~~~~~~~~~~~~~~~~~~~~~~~~~~~~~~~~~~~~~~
../src/uartlite_test.c:101:2: warning: 'SendByteNum' may be used uninitialized in this function [-Wmaybe-uninitialized]
'Finished building: ../src/uartlite_test.c'
' '
'Building target: uartlite_test.elf'
'Invoking: ARM v7 gcc linker'
arm-none-eabi-gcc -mcpu=cortex-a9 -mfpu=vfpv3 -mfloat-abi=hard -Wl,-build-id=none -specs=Xilinx.spec -Wl,-T -Wl,../src/lscript.ld -L../../uartlite_test_bsp/ps7_cortexa9_0/lib -o "uartlite_test.elf"  ./src/platform.o ./src/uartlite_test.o   -Wl,--start-group,-lxil,-lgcc,-lc,--end-group
'Finished building target: uartlite_test.elf'
' '
'Invoking: ARM v7 Print Size'
arm-none-eabi-size uartlite_test.elf  |tee "uartlite_test.elf.size"
   text	   data	    bss	    dec	    hex	filename
  81088	   4220	  25456	 110764	  1b0ac	uartlite_test.elf
'Finished building: uartlite_test.elf.size'
' '
15:15:28 **** Incremental Build of configuration Debug for project uartlite_test ****
make pre-build main-build 
a9-linaro-pre-build-step
' '
make: Nothing to be done for `main-build'.
15:16:37 **** Auto Build of configuration Debug for project uartlite_test ****
make pre-build main-build 
a9-linaro-pre-build-step
' '
'Building file: ../src/uartlite_test.c'
'Invoking: ARM v7 gcc compiler'
arm-none-eabi-gcc -Wall -O0 -g3 -c -fmessage-length=0 -MT"src/uartlite_test.o" -mcpu=cortex-a9 -mfpu=vfpv3 -mfloat-abi=hard -I../../uartlite_test_bsp/ps7_cortexa9_0/include -MMD -MP -MF"src/uartlite_test.d" -MT"src/uartlite_test.o" -o "src/uartlite_test.o" "../src/uartlite_test.c"
../src/uartlite_test.c: In function 'main':
../src/uartlite_test.c:116:5: warning: implicit declaration of function 'printf' [-Wimplicit-function-declaration]
    {printf("%d\n", ReceivedByteNum);
     ^~~~~~
../src/uartlite_test.c:116:5: warning: incompatible implicit declaration of built-in function 'printf'
../src/uartlite_test.c:116:5: note: include '<stdio.h>' or provide a declaration of 'printf'
../src/uartlite_test.c:116:14: warning: format '%d' expects argument of type 'int', but argument 2 has type 'u32 {aka volatile long unsigned int}' [-Wformat=]
    {printf("%d\n", ReceivedByteNum);
              ^
../src/uartlite_test.c:60:6: warning: unused variable 'IsrStatus' [-Wunused-variable]
  u32 IsrStatus;
      ^~~~~~~~~
'Finished building: ../src/uartlite_test.c'
' '
'Building target: uartlite_test.elf'
'Invoking: ARM v7 gcc linker'
arm-none-eabi-gcc -mcpu=cortex-a9 -mfpu=vfpv3 -mfloat-abi=hard -Wl,-build-id=none -specs=Xilinx.spec -Wl,-T -Wl,../src/lscript.ld -L../../uartlite_test_bsp/ps7_cortexa9_0/lib -o "uartlite_test.elf"  ./src/platform.o ./src/uartlite_test.o   -Wl,--start-group,-lxil,-lgcc,-lc,--end-group
'Finished building target: uartlite_test.elf'
' '
'Invoking: ARM v7 Print Size'
arm-none-eabi-size uartlite_test.elf  |tee "uartlite_test.elf.size"
   text	   data	    bss	    dec	    hex	filename
  81088	   4220	  25456	 110764	  1b0ac	uartlite_test.elf
'Finished building: uartlite_test.elf.size'
' '
15:16:43 **** Auto Build of configuration Debug for project uartlite_test ****
make pre-build main-build 
a9-linaro-pre-build-step
' '
'Building file: ../src/uartlite_test.c'
'Invoking: ARM v7 gcc compiler'
arm-none-eabi-gcc -Wall -O0 -g3 -c -fmessage-length=0 -MT"src/uartlite_test.o" -mcpu=cortex-a9 -mfpu=vfpv3 -mfloat-abi=hard -I../../uartlite_test_bsp/ps7_cortexa9_0/include -MMD -MP -MF"src/uartlite_test.d" -MT"src/uartlite_test.o" -o "src/uartlite_test.o" "../src/uartlite_test.c"
../src/uartlite_test.c: In function 'main':
../src/uartlite_test.c:117:5: warning: implicit declaration of function 'printf' [-Wimplicit-function-declaration]
     printf("%d\n", ReceivedByteNum);
     ^~~~~~
../src/uartlite_test.c:117:5: warning: incompatible implicit declaration of built-in function 'printf'
../src/uartlite_test.c:117:5: note: include '<stdio.h>' or provide a declaration of 'printf'
../src/uartlite_test.c:117:14: warning: format '%d' expects argument of type 'int', but argument 2 has type 'u32 {aka volatile long unsigned int}' [-Wformat=]
     printf("%d\n", ReceivedByteNum);
              ^
../src/uartlite_test.c:60:6: warning: unused variable 'IsrStatus' [-Wunused-variable]
  u32 IsrStatus;
      ^~~~~~~~~
'Finished building: ../src/uartlite_test.c'
' '
'Building target: uartlite_test.elf'
'Invoking: ARM v7 gcc linker'
arm-none-eabi-gcc -mcpu=cortex-a9 -mfpu=vfpv3 -mfloat-abi=hard -Wl,-build-id=none -specs=Xilinx.spec -Wl,-T -Wl,../src/lscript.ld -L../../uartlite_test_bsp/ps7_cortexa9_0/lib -o "uartlite_test.elf"  ./src/platform.o ./src/uartlite_test.o   -Wl,--start-group,-lxil,-lgcc,-lc,--end-group
'Finished building target: uartlite_test.elf'
' '
'Invoking: ARM v7 Print Size'
arm-none-eabi-size uartlite_test.elf  |tee "uartlite_test.elf.size"
   text	   data	    bss	    dec	    hex	filename
  81088	   4220	  25456	 110764	  1b0ac	uartlite_test.elf
'Finished building: uartlite_test.elf.size'
' '
15:17:45 **** Auto Build of configuration Debug for project uartlite_test ****
make pre-build main-build 
a9-linaro-pre-build-step
' '
'Building file: ../src/uartlite_test.c'
'Invoking: ARM v7 gcc compiler'
arm-none-eabi-gcc -Wall -O0 -g3 -c -fmessage-length=0 -MT"src/uartlite_test.o" -mcpu=cortex-a9 -mfpu=vfpv3 -mfloat-abi=hard -I../../uartlite_test_bsp/ps7_cortexa9_0/include -MMD -MP -MF"src/uartlite_test.d" -MT"src/uartlite_test.o" -o "src/uartlite_test.o" "../src/uartlite_test.c"
../src/uartlite_test.c: In function 'main':
../src/uartlite_test.c:117:5: warning: implicit declaration of function 'printf' [-Wimplicit-function-declaration]
     printf("%d\n", ReceivedByteNum);
     ^~~~~~
../src/uartlite_test.c:117:5: warning: incompatible implicit declaration of built-in function 'printf'
../src/uartlite_test.c:117:5: note: include '<stdio.h>' or provide a declaration of 'printf'
../src/uartlite_test.c:117:14: warning: format '%d' expects argument of type 'int', but argument 2 has type 'u32 {aka volatile long unsigned int}' [-Wformat=]
     printf("%d\n", ReceivedByteNum);
              ^
../src/uartlite_test.c:120:21: error: expected expression before '{' token
     SendBufferPtr = {0,1,2,3,4,5} ;
                     ^
../src/uartlite_test.c:60:6: warning: unused variable 'IsrStatus' [-Wunused-variable]
  u32 IsrStatus;
      ^~~~~~~~~
make: *** [src/uartlite_test.o] ¥ÌŒÛ 1
15:18:15 **** Auto Build of configuration Debug for project uartlite_test ****
make pre-build main-build 
a9-linaro-pre-build-step
' '
'Building file: ../src/uartlite_test.c'
'Invoking: ARM v7 gcc compiler'
arm-none-eabi-gcc -Wall -O0 -g3 -c -fmessage-length=0 -MT"src/uartlite_test.o" -mcpu=cortex-a9 -mfpu=vfpv3 -mfloat-abi=hard -I../../uartlite_test_bsp/ps7_cortexa9_0/include -MMD -MP -MF"src/uartlite_test.d" -MT"src/uartlite_test.o" -o "src/uartlite_test.o" "../src/uartlite_test.c"
[...]
     printf("AXIDMA: %d, %d\n\r",Dma_RecvBuf[i], SendBuffer[i]);
                      ^
../src/dma_test.c:247:20: error: 'SendByteNum' undeclared (first use in this function)
    for(int i=0; i<(SendByteNum/BUFFER_LEN)+1; i++){
                    ^~~~~~~~~~~
../src/dma_test.c:247:20: note: each undeclared identifier is reported only once for each function it appears in
../src/dma_test.c:251:6: warning: incompatible implicit declaration of built-in function 'printf'
      printf("%d, %d\n", SendByteNum, i);
      ^~~~~~
../src/dma_test.c:251:6: note: include '<stdio.h>' or provide a declaration of 'printf'
../src/dma_test.c: In function 'Handler':
../src/dma_test.c:422:2: warning: incompatible implicit declaration of built-in function 'printf'
  printf("IsrStatus: %x\n", IsrStatus);
  ^~~~~~
../src/dma_test.c:422:2: note: include '<stdio.h>' or provide a declaration of 'printf'
../src/dma_test.c:422:22: warning: format '%x' expects argument of type 'unsigned int', but argument 2 has type 'u32 {aka long unsigned int}' [-Wformat=]
  printf("IsrStatus: %x\n", IsrStatus);
                      ^
make: *** [src/dma_test.o] ¥ÌŒÛ 1
11:45:15 **** Auto Build of configuration Debug for project dma_test ****
make pre-build main-build 
a9-linaro-pre-build-step
' '
'Building file: ../src/dma_test.c'
'Invoking: ARM v7 gcc compiler'
arm-none-eabi-gcc -Wall -O0 -g3 -c -fmessage-length=0 -MT"src/dma_test.o" -mcpu=cortex-a9 -mfpu=vfpv3 -mfloat-abi=hard -I../../dma_test_bsp/ps7_cortexa9_0/include -MMD -MP -MF"src/dma_test.d" -MT"src/dma_test.o" -o "src/dma_test.o" "../src/dma_test.c"
../src/dma_test.c: In function 'main':
../src/dma_test.c:185:6: warning: implicit declaration of function 'printf' [-Wimplicit-function-declaration]
      printf("UARTLITE_RX: %d, %d, %d, %d\n", ReceivedFlag, ReceivedCount, ReceivedByteNum, ReceivedBuffer[i]);
      ^~~~~~
../src/dma_test.c:185:6: warning: incompatible implicit declaration of built-in function 'printf'
../src/dma_test.c:185:6: note: include '<stdio.h>' or provide a declaration of 'printf'
../src/dma_test.c:185:28: warning: format '%d' expects argument of type 'int', but argument 2 has type 'u32 {aka volatile long unsigned int}' [-Wformat=]
      printf("UARTLITE_RX: %d, %d, %d, %d\n", ReceivedFlag, ReceivedCount, ReceivedByteNum, ReceivedBuffer[i]);
                            ^
../src/dma_test.c:185:32: warning: format '%d' expects argument of type 'int', but argument 3 has type 'u32 {aka long unsigned int}' [-Wformat=]
      printf("UARTLITE_RX: %d, %d, %d, %d\n", ReceivedFlag, ReceivedCount, ReceivedByteNum, ReceivedBuffer[i]);
                                ^
../src/dma_test.c:185:36: warning: format '%d' expects argument of type 'int', but argument 4 has type 'u32 {aka volatile long unsigned int}' [-Wformat=]
      printf("UARTLITE_RX: %d, %d, %d, %d\n", ReceivedFlag, ReceivedCount, ReceivedByteNum, ReceivedBuffer[i]);
                                    ^
../src/dma_test.c:238:5: warning: incompatible implicit declaration of built-in function 'printf'
     printf("AXIDMA: %d, %d\n\r",Dma_RecvBuf[i], SendBuffer[i]);
     ^~~~~~
../src/dma_test.c:238:5: note: include '<stdio.h>' or provide a declaration of 'printf'
../src/dma_test.c:238:22: warning: format '%d' expects argument of type 'int', but argument 2 has type 'u32 {aka long unsigned int}' [-Wformat=]
     printf("AXIDMA: %d, %d\n\r",Dma_RecvBuf[i], SendBuffer[i]);
                      ^
../src/dma_test.c:248:12: error: 'SendByteNum' undeclared (first use in this function)
     if(i==(SendByteNum/BUFFER_LEN))
            ^~~~~~~~~~~
../src/dma_test.c:248:12: note: each undeclared identifier is reported only once for each function it appears in
../src/dma_test.c:251:6: warning: incompatible implicit declaration of built-in function 'printf'
      printf("%d, %d\n", SendByteNum, i);
      ^~~~~~
../src/dma_test.c:251:6: note: include '<stdio.h>' or provide a declaration of 'printf'
../src/dma_test.c: In function 'Handler':
../src/dma_test.c:422:2: warning: incompatible implicit declaration of built-in function 'printf'
  printf("IsrStatus: %x\n", IsrStatus);
  ^~~~~~
../src/dma_test.c:422:2: note: include '<stdio.h>' or provide a declaration of 'printf'
../src/dma_test.c:422:22: warning: format '%x' expects argument of type 'unsigned int', but argument 2 has type 'u32 {aka long unsigned int}' [-Wformat=]
  printf("IsrStatus: %x\n", IsrStatus);
                      ^
make: *** [src/dma_test.o] ¥ÌŒÛ 1
11:45:21 **** Auto Build of configuration Debug for project dma_test ****
make pre-build main-build 
a9-linaro-pre-build-step
' '
'Building file: ../src/dma_test.c'
'Invoking: ARM v7 gcc compiler'
arm-none-eabi-gcc -Wall -O0 -g3 -c -fmessage-length=0 -MT"src/dma_test.o" -mcpu=cortex-a9 -mfpu=vfpv3 -mfloat-abi=hard -I../../dma_test_bsp/ps7_cortexa9_0/include -MMD -MP -MF"src/dma_test.d" -MT"src/dma_test.o" -o "src/dma_test.o" "../src/dma_test.c"
../src/dma_test.c: In function 'main':
../src/dma_test.c:185:6: warning: implicit declaration of function 'printf' [-Wimplicit-function-declaration]
      printf("UARTLITE_RX: %d, %d, %d, %d\n", ReceivedFlag, ReceivedCount, ReceivedByteNum, ReceivedBuffer[i]);
      ^~~~~~
../src/dma_test.c:185:6: warning: incompatible implicit declaration of built-in function 'printf'
../src/dma_test.c:185:6: note: include '<stdio.h>' or provide a declaration of 'printf'
../src/dma_test.c:185:28: warning: format '%d' expects argument of type 'int', but argument 2 has type 'u32 {aka volatile long unsigned int}' [-Wformat=]
      printf("UARTLITE_RX: %d, %d, %d, %d\n", ReceivedFlag, ReceivedCount, ReceivedByteNum, ReceivedBuffer[i]);
                            ^
../src/dma_test.c:185:32: warning: format '%d' expects argument of type 'int', but argument 3 has type 'u32 {aka long unsigned int}' [-Wformat=]
      printf("UARTLITE_RX: %d, %d, %d, %d\n", ReceivedFlag, ReceivedCount, ReceivedByteNum, ReceivedBuffer[i]);
                                ^
../src/dma_test.c:185:36: warning: format '%d' expects argument of type 'int', but argument 4 has type 'u32 {aka volatile long unsigned int}' [-Wformat=]
      printf("UARTLITE_RX: %d, %d, %d, %d\n", ReceivedFlag, ReceivedCount, ReceivedByteNum, ReceivedBuffer[i]);
                                    ^
../src/dma_test.c:238:5: warning: incompatible implicit declaration of built-in function 'printf'
     printf("AXIDMA: %d, %d\n\r",Dma_RecvBuf[i], SendBuffer[i]);
     ^~~~~~
../src/dma_test.c:238:5: note: include '<stdio.h>' or provide a declaration of 'printf'
../src/dma_test.c:238:22: warning: format '%d' expects argument of type 'int', but argument 2 has type 'u32 {aka long unsigned int}' [-Wformat=]
     printf("AXIDMA: %d, %d\n\r",Dma_RecvBuf[i], SendBuffer[i]);
                      ^
../src/dma_test.c:250:60: error: 'SendByteNum' undeclared (first use in this function)
      XUartLite_Send(&Uartlite, SendBufferPtr+BUFFER_LEN*i, SendByteNum-i*BUFFER_LEN);
                                                            ^~~~~~~~~~~
../src/dma_test.c:250:60: note: each undeclared identifier is reported only once for each function it appears in
../src/dma_test.c:251:6: warning: incompatible implicit declaration of built-in function 'printf'
      printf("%d, %d\n", SendByteNum, i);
      ^~~~~~
../src/dma_test.c:251:6: note: include '<stdio.h>' or provide a declaration of 'printf'
../src/dma_test.c: In function 'Handler':
../src/dma_test.c:422:2: warning: incompatible implicit declaration of built-in function 'printf'
  printf("IsrStatus: %x\n", IsrStatus);
  ^~~~~~
../src/dma_test.c:422:2: note: include '<stdio.h>' or provide a declaration of 'printf'
../src/dma_test.c:422:22: warning: format '%x' expects argument of type 'unsigned int', but argument 2 has type 'u32 {aka long unsigned int}' [-Wformat=]
  printf("IsrStatus: %x\n", IsrStatus);
                      ^
make: *** [src/dma_test.o] ¥ÌŒÛ 1
11:45:29 **** Auto Build of configuration Debug for project dma_test ****
make pre-build main-build 
a9-linaro-pre-build-step
' '
'Building file: ../src/dma_test.c'
'Invoking: ARM v7 gcc compiler'
arm-none-eabi-gcc -Wall -O0 -g3 -c -fmessage-length=0 -MT"src/dma_test.o" -mcpu=cortex-a9 -mfpu=vfpv3 -mfloat-abi=hard -I../../dma_test_bsp/ps7_cortexa9_0/include -MMD -MP -MF"src/dma_test.d" -MT"src/dma_test.o" -o "src/dma_test.o" "../src/dma_test.c"
../src/dma_test.c: In function 'main':
../src/dma_test.c:185:6: warning: implicit declaration of function 'printf' [-Wimplicit-function-declaration]
      printf("UARTLITE_RX: %d, %d, %d, %d\n", ReceivedFlag, ReceivedCount, ReceivedByteNum, ReceivedBuffer[i]);
      ^~~~~~
../src/dma_test.c:185:6: warning: incompatible implicit declaration of built-in function 'printf'
../src/dma_test.c:185:6: note: include '<stdio.h>' or provide a declaration of 'printf'
../src/dma_test.c:185:28: warning: format '%d' expects argument of type 'int', but argument 2 has type 'u32 {aka volatile long unsigned int}' [-Wformat=]
      printf("UARTLITE_RX: %d, %d, %d, %d\n", ReceivedFlag, ReceivedCount, ReceivedByteNum, ReceivedBuffer[i]);
                            ^
../src/dma_test.c:185:32: warning: format '%d' expects argument of type 'int', but argument 3 has type 'u32 {aka long unsigned int}' [-Wformat=]
      printf("UARTLITE_RX: %d, %d, %d, %d\n", ReceivedFlag, ReceivedCount, ReceivedByteNum, ReceivedBuffer[i]);
                                ^
../src/dma_test.c:185:36: warning: format '%d' expects argument of type 'int', but argument 4 has type 'u32 {aka volatile long unsigned int}' [-Wformat=]
      printf("UARTLITE_RX: %d, %d, %d, %d\n", ReceivedFlag, ReceivedCount, ReceivedByteNum, ReceivedBuffer[i]);
                                    ^
../src/dma_test.c:238:5: warning: incompatible implicit declaration of built-in function 'printf'
     printf("AXIDMA: %d, %d\n\r",Dma_RecvBuf[i], SendBuffer[i]);
     ^~~~~~
../src/dma_test.c:238:5: note: include '<stdio.h>' or provide a declaration of 'printf'
../src/dma_test.c:238:22: warning: format '%d' expects argument of type 'int', but argument 2 has type 'u32 {aka long unsigned int}' [-Wformat=]
     printf("AXIDMA: %d, %d\n\r",Dma_RecvBuf[i], SendBuffer[i]);
                      ^
../src/dma_test.c:251:6: warning: incompatible implicit declaration of built-in function 'printf'
      printf("%d, %d\n", SendByteNum, i);
      ^~~~~~
../src/dma_test.c:251:6: note: include '<stdio.h>' or provide a declaration of 'printf'
../src/dma_test.c:251:25: error: 'SendByteNum' undeclared (first use in this function)
      printf("%d, %d\n", SendByteNum, i);
                         ^~~~~~~~~~~
../src/dma_test.c:251:25: note: each undeclared identifier is reported only once for each function it appears in
../src/dma_test.c: In function 'Handler':
../src/dma_test.c:422:2: warning: incompatible implicit declaration of built-in function 'printf'
  printf("IsrStatus: %x\n", IsrStatus);
  ^~~~~~
../src/dma_test.c:422:2: note: include '<stdio.h>' or provide a declaration of 'printf'
../src/dma_test.c:422:22: warning: format '%x' expects argument of type 'unsigned int', but argument 2 has type 'u32 {aka long unsigned int}' [-Wformat=]
  printf("IsrStatus: %x\n", IsrStatus);
                      ^
make: *** [src/dma_test.o] ¥ÌŒÛ 1
11:45:32 **** Auto Build of configuration Debug for project dma_test ****
make pre-build main-build 
a9-linaro-pre-build-step
' '
'Building file: ../src/dma_test.c'
'Invoking: ARM v7 gcc compiler'
arm-none-eabi-gcc -Wall -O0 -g3 -c -fmessage-length=0 -MT"src/dma_test.o" -mcpu=cortex-a9 -mfpu=vfpv3 -mfloat-abi=hard -I../../dma_test_bsp/ps7_cortexa9_0/include -MMD -MP -MF"src/dma_test.d" -MT"src/dma_test.o" -o "src/dma_test.o" "../src/dma_test.c"
../src/dma_test.c: In function 'main':
../src/dma_test.c:185:6: warning: implicit declaration of function 'printf' [-Wimplicit-function-declaration]
      printf("UARTLITE_RX: %d, %d, %d, %d\n", ReceivedFlag, ReceivedCount, ReceivedByteNum, ReceivedBuffer[i]);
      ^~~~~~
../src/dma_test.c:185:6: warning: incompatible implicit declaration of built-in function 'printf'
../src/dma_test.c:185:6: note: include '<stdio.h>' or provide a declaration of 'printf'
../src/dma_test.c:185:28: warning: format '%d' expects argument of type 'int', but argument 2 has type 'u32 {aka volatile long unsigned int}' [-Wformat=]
      printf("UARTLITE_RX: %d, %d, %d, %d\n", ReceivedFlag, ReceivedCount, ReceivedByteNum, ReceivedBuffer[i]);
                            ^
../src/dma_test.c:185:32: warning: format '%d' expects argument of type 'int', but argument 3 has type 'u32 {aka long unsigned int}' [-Wformat=]
      printf("UARTLITE_RX: %d, %d, %d, %d\n", ReceivedFlag, ReceivedCount, ReceivedByteNum, ReceivedBuffer[i]);
                                ^
../src/dma_test.c:185:36: warning: format '%d' expects argument of type 'int', but argument 4 has type 'u32 {aka volatile long unsigned int}' [-Wformat=]
      printf("UARTLITE_RX: %d, %d, %d, %d\n", ReceivedFlag, ReceivedCount, ReceivedByteNum, ReceivedBuffer[i]);
                                    ^
../src/dma_test.c:238:5: warning: incompatible implicit declaration of built-in function 'printf'
     printf("AXIDMA: %d, %d\n\r",Dma_RecvBuf[i], SendBuffer[i]);
     ^~~~~~
../src/dma_test.c:238:5: note: include '<stdio.h>' or provide a declaration of 'printf'
../src/dma_test.c:238:22: warning: format '%d' expects argument of type 'int', but argument 2 has type 'u32 {aka long unsigned int}' [-Wformat=]
     printf("AXIDMA: %d, %d\n\r",Dma_RecvBuf[i], SendBuffer[i]);
                      ^
../src/dma_test.c:251:6: warning: incompatible implicit declaration of built-in function 'printf'
      printf("%d, %d\n", (Dma_RecvBuf[1]-3), i);
      ^~~~~~
../src/dma_test.c:251:6: note: include '<stdio.h>' or provide a declaration of 'printf'
../src/dma_test.c:251:15: warning: format '%d' expects argument of type 'int', but argument 2 has type 'long unsigned int' [-Wformat=]
      printf("%d, %d\n", (Dma_RecvBuf[1]-3), i);
               ^
../src/dma_test.c: In function 'Handler':
../src/dma_test.c:422:2: warning: incompatible implicit declaration of built-in function 'printf'
  printf("IsrStatus: %x\n", IsrStatus);
  ^~~~~~
../src/dma_test.c:422:2: note: include '<stdio.h>' or provide a declaration of 'printf'
../src/dma_test.c:422:22: warning: format '%x' expects argument of type 'unsigned int', but argument 2 has type 'u32 {aka long unsigned int}' [-Wformat=]
  printf("IsrStatus: %x\n", IsrStatus);
                      ^
'Finished building: ../src/dma_test.c'
' '
'Building target: dma_test.elf'
'Invoking: ARM v7 gcc linker'
arm-none-eabi-gcc -mcpu=cortex-a9 -mfpu=vfpv3 -mfloat-abi=hard -Wl,-build-id=none -specs=Xilinx.spec -Wl,-T -Wl,../src/lscript.ld -L../../dma_test_bsp/ps7_cortexa9_0/lib -o "dma_test.elf"  ./src/dma_test.o ./src/platform.o   -Wl,--start-group,-lxil,-lgcc,-lc,--end-group
'Finished building target: dma_test.elf'
' '
'Invoking: ARM v7 Print Size'
arm-none-eabi-size dma_test.elf  |tee "dma_test.elf.size"
   text	   data	    bss	    dec	    hex	filename
  97180	   4316	  25920	 127416	  1f1b8	dma_test.elf
'Finished building: dma_test.elf.size'
' '
11:46:08 **** Incremental Build of configuration Debug for project dma_test ****
make pre-build main-build 
a9-linaro-pre-build-step
' '
make: Nothing to be done for `main-build'.
11:47:11 **** Auto Build of configuration Debug for project dma_test ****
make pre-build main-build 
a9-linaro-pre-build-step
' '
'Building file: ../src/dma_test.c'
'Invoking: ARM v7 gcc compiler'
arm-none-eabi-gcc -Wall -O0 -g3 -c -fmessage-length=0 -MT"src/dma_test.o" -mcpu=cortex-a9 -mfpu=vfpv3 -mfloat-abi=hard -I../../dma_test_bsp/ps7_cortexa9_0/include -MMD -MP -MF"src/dma_test.d" -MT"src/dma_test.o" -o "src/dma_test.o" "../src/dma_test.c"
../src/dma_test.c: In function 'main':
../src/dma_test.c:185:6: warning: implicit declaration of function 'printf' [-Wimplicit-function-declaration]
      printf("UARTLITE_RX: %d, %d, %d, %d\n", ReceivedFlag, ReceivedCount, ReceivedByteNum, ReceivedBuffer[i]);
      ^~~~~~
../src/dma_test.c:185:6: warning: incompatible implicit declaration of built-in function 'printf'
../src/dma_test.c:185:6: note: include '<stdio.h>' or provide a declaration of 'printf'
../src/dma_test.c:185:28: warning: format '%d' expects argument of type 'int', but argument 2 has type 'u32 {aka volatile long unsigned int}' [-Wformat=]
      printf("UARTLITE_RX: %d, %d, %d, %d\n", ReceivedFlag, ReceivedCount, ReceivedByteNum, ReceivedBuffer[i]);
                            ^
../src/dma_test.c:185:32: warning: format '%d' expects argument of type 'int', but argument 3 has type 'u32 {aka long unsigned int}' [-Wformat=]
      printf("UARTLITE_RX: %d, %d, %d, %d\n", ReceivedFlag, ReceivedCount, ReceivedByteNum, ReceivedBuffer[i]);
                                ^
../src/dma_test.c:185:36: warning: format '%d' expects argument of type 'int', but argument 4 has type 'u32 {aka volatile long unsigned int}' [-Wformat=]
      printf("UARTLITE_RX: %d, %d, %d, %d\n", ReceivedFlag, ReceivedCount, ReceivedByteNum, ReceivedBuffer[i]);
                                    ^
../src/dma_test.c:238:5: warning: incompatible implicit declaration of built-in function 'printf'
     printf("AXIDMA: %d, %d\n\r",Dma_RecvBuf[i], SendBuffer[i-2]);
     ^~~~~~
../src/dma_test.c:238:5: note: include '<stdio.h>' or provide a declaration of 'printf'
../src/dma_test.c:238:22: warning: format '%d' expects argument of type 'int', but argument 2 has type 'u32 {aka long unsigned int}' [-Wformat=]
     printf("AXIDMA: %d, %d\n\r",Dma_RecvBuf[i], SendBuffer[i-2]);
                      ^
../src/dma_test.c:251:6: warning: incompatible implicit declaration of built-in function 'printf'
      printf("%d, %d\n", (Dma_RecvBuf[1]-3), i);
      ^~~~~~
../src/dma_test.c:251:6: note: include '<stdio.h>' or provide a declaration of 'printf'
../src/dma_test.c:251:15: warning: format '%d' expects argument of type 'int', but argument 2 has type 'long unsigned int' [-Wformat=]
      printf("%d, %d\n", (Dma_RecvBuf[1]-3), i);
               ^
../src/dma_test.c: In function 'Handler':
../src/dma_test.c:422:2: warning: incompatible implicit declaration of built-in function 'printf'
  printf("IsrStatus: %x\n", IsrStatus);
  ^~~~~~
../src/dma_test.c:422:2: note: include '<stdio.h>' or provide a declaration of 'printf'
../src/dma_test.c:422:22: warning: format '%x' expects argument of type 'unsigned int', but argument 2 has type 'u32 {aka long unsigned int}' [-Wformat=]
  printf("IsrStatus: %x\n", IsrStatus);
                      ^
'Finished building: ../src/dma_test.c'
' '
'Building target: dma_test.elf'
'Invoking: ARM v7 gcc linker'
arm-none-eabi-gcc -mcpu=cortex-a9 -mfpu=vfpv3 -mfloat-abi=hard -Wl,-build-id=none -specs=Xilinx.spec -Wl,-T -Wl,../src/lscript.ld -L../../dma_test_bsp/ps7_cortexa9_0/lib -o "dma_test.elf"  ./src/dma_test.o ./src/platform.o   -Wl,--start-group,-lxil,-lgcc,-lc,--end-group
'Finished building target: dma_test.elf'
' '
'Invoking: ARM v7 Print Size'
arm-none-eabi-size dma_test.elf  |tee "dma_test.elf.size"
   text	   data	    bss	    dec	    hex	filename
  97108	   4316	  25920	 127344	  1f170	dma_test.elf
'Finished building: dma_test.elf.size'
' '
11:47:15 **** Incremental Build of configuration Debug for project dma_test ****
make pre-build main-build 
a9-linaro-pre-build-step
' '
make: Nothing to be done for `main-build'.
21:34:36 **** Incremental Build of configuration Debug for project dma_test ****
make pre-build main-build 
a9-linaro-pre-build-step
 
Building file: ../src/dma_test.c
Invoking: ARM v7 gcc compiler
make: Interrupt/Exception caught (code = 0xc00000fd, addr = 0x4227d3)
21:38:18 **** Incremental Build of configuration Debug for project dma_test ****
make pre-build main-build 
a9-linaro-pre-build-step
 
Building file: ../src/dma_test.c
Invoking: ARM v7 gcc compiler
make: Interrupt/Exception caught (code = 0xc00000fd, addr = 0x4227d3)
