16:55:51 **** Incremental Build of configuration Debug for project dma_test ****
make all 
Building file: ../src/dma_test.c
Invoking: ARM v7 Linux gcc compiler
arm-linux-gnueabihf-gcc -Wall -O0 -g3 -c -fmessage-length=0 -MT"src/dma_test.o" -MMD -MP -MF"src/dma_test.d" -MT"src/dma_test.o" -o "src/dma_test.o" "../src/dma_test.c"
In file included from ../src/dma_test.c:21:
../src/gpio_ctrl.h:13:8: warning: extra tokens at end of #endif directive [-Wendif-labels]
 #endif GPIO_CTRL_H_
        ^~~~~~~~~~~~
../src/dma_test.c: In function ‘main’:
../src/dma_test.c:68:2: warning: implicit declaration of function ‘write’; did you mean ‘fwrite’? [-Wimplicit-function-declaration]
  write(valuefd,"0", 2);
  ^~~~~
  fwrite
../src/dma_test.c:75:3: warning: implicit declaration of function ‘exit’ [-Wimplicit-function-declaration]
   exit(-1);
   ^~~~
../src/dma_test.c:75:3: warning: incompatible implicit declaration of built-in function ‘exit’
../src/dma_test.c:75:3: note: include ‘<stdlib.h>’ or provide a declaration of ‘exit’
../src/dma_test.c:23:1:
+#include <stdlib.h>
 
../src/dma_test.c:75:3:
   exit(-1);
   ^~~~
../src/dma_test.c:83:3: warning: incompatible implicit declaration of built-in function ‘exit’
   exit(-1);
   ^~~~
../src/dma_test.c:83:3: note: include ‘<stdlib.h>’ or provide a declaration of ‘exit’
../src/dma_test.c:95:3: warning: incompatible implicit declaration of built-in function ‘exit’
   exit(-1);
   ^~~~
../src/dma_test.c:95:3: note: include ‘<stdlib.h>’ or provide a declaration of ‘exit’
../src/dma_test.c:123:4: warning: implicit declaration of function ‘sleep’ [-Wimplicit-function-declaration]
    sleep(1);
    ^~~~~
../src/dma_test.c:130:5: warning: incompatible implicit declaration of built-in function ‘exit’
     exit(-1);
     ^~~~
../src/dma_test.c:130:5: note: include ‘<stdlib.h>’ or provide a declaration of ‘exit’
../src/dma_test.c:136:4: warning: implicit declaration of function ‘memcpy’ [-Wimplicit-function-declaration]
    memcpy(axidma_data,axidma_buf,4*(len+4));
    ^~~~~~
../src/dma_test.c:136:4: warning: incompatible implicit declaration of built-in function ‘memcpy’
../src/dma_test.c:136:4: note: include ‘<string.h>’ or provide a declaration of ‘memcpy’
../src/dma_test.c:23:1:
+#include <string.h>
 
../src/dma_test.c:136:4:
    memcpy(axidma_data,axidma_buf,4*(len+4));
    ^~~~~~
../src/dma_test.c:156:44: warning: passing argument 2 of ‘SerialPort_write’ from incompatible pointer type [-Wincompatible-pointer-types]
     if(SerialPort_write(serial_ttyUL1_ptr, axidma_data, 0, 4*(len+4))==0)
                                            ^~~~~~~~~~~
In file included from ../src/dma_test.c:20:
../src/hal_serial.h:98:44: note: expected ‘uint8_t *’ {aka ‘unsigned char *’} but argument is of type ‘uint32_t *’ {aka ‘unsigned int *’}
 SerialPort_write(SerialPort self, uint8_t* buffer, int startPos, int numberOfBytes);
                                   ~~~~~~~~~^~~~~~
../src/dma_test.c:26:6: warning: unused variable ‘err’ [-Wunused-variable]
  int err=0;
      ^~~
Finished building: ../src/dma_test.c
 
Building target: dma_test.elf
Invoking: ARM v7 Linux gcc linker
arm-linux-gnueabihf-gcc  -o "dma_test.elf"  ./src/dma_test.o ./src/gpio_ctrl.o ./src/libaxidma.o ./src/serial_port_linux.o ./src/time.o   
Finished building target: dma_test.elf
 
Invoking: ARM v7 Linux Print Size
arm-linux-gnueabihf-size dma_test.elf  |tee "dma_test.elf.size"
   text	   data	    bss	    dec	    hex	filename
  13411	    400	     56	  13867	   362b	dma_test.elf
Finished building: dma_test.elf.size
 

16:55:52 Build Finished (took 158ms)

