12:31:42 **** Build of configuration Debug for project hello ****
make all 
Building file: ../src/helloworld.c
Invoking: ARM v7 Linux gcc compiler
arm-linux-gnueabihf-gcc -Wall -O0 -g3 -c -fmessage-length=0 -MT"src/helloworld.o" -MMD -MP -MF"src/helloworld.d" -MT"src/helloworld.o" -o "src/helloworld.o" "../src/helloworld.c"
Finished building: ../src/helloworld.c
 
Building target: hello.elf
Invoking: ARM v7 Linux gcc linker
arm-linux-gnueabihf-gcc  -o "hello.elf"  ./src/helloworld.o   
Finished building target: hello.elf
 
Invoking: ARM v7 Linux Print Size
arm-linux-gnueabihf-size hello.elf  |tee "hello.elf.size"
   text	   data	    bss	    dec	    hex	filename
    852	    280	      4	   1136	    470	hello.elf
Finished building: hello.elf.size
 

12:31:44 Build Finished (took 1s.676ms)

